Feb 19 12:36:32 arch kernel: Linux version 5.16.10-arch1-1 (linux@archlinux) (gcc (GCC) 11.2.0, GNU ld (GNU Binutils) 2.38) #1 SMP PREEMPT Wed, 16 Feb 2022 19:35:18 +0000
Feb 19 12:36:32 arch kernel: Command line: ro root=UUID=6ff1b144-cb9b-4c2a-83b8-08dc366f7104 rcu_nocbs=0-15 processor.max_cstate=5 initrd=\boot\amd-ucode.img initrd=\boot\initramfs-linux.img
Feb 19 12:36:32 arch kernel: x86/fpu: Supporting XSAVE feature 0x001: 'x87 floating point registers'
Feb 19 12:36:32 arch kernel: x86/fpu: Supporting XSAVE feature 0x002: 'SSE registers'
Feb 19 12:36:32 arch kernel: x86/fpu: Supporting XSAVE feature 0x004: 'AVX registers'
Feb 19 12:36:32 arch kernel: x86/fpu: xstate_offset[2]:  576, xstate_sizes[2]:  256
Feb 19 12:36:32 arch kernel: x86/fpu: Enabled xstate features 0x7, context size is 832 bytes, using 'compacted' format.
Feb 19 12:36:32 arch kernel: signal: max sigframe size: 1776
Feb 19 12:36:32 arch kernel: BIOS-provided physical RAM map:
Feb 19 12:36:32 arch kernel: BIOS-e820: [mem 0x0000000000000000-0x000000000009ffff] usable
Feb 19 12:36:32 arch kernel: BIOS-e820: [mem 0x00000000000a0000-0x00000000000fffff] reserved
Feb 19 12:36:32 arch kernel: BIOS-e820: [mem 0x0000000000100000-0x0000000009bfefff] usable
Feb 19 12:36:32 arch kernel: BIOS-e820: [mem 0x0000000009bff000-0x0000000009ffffff] reserved
Feb 19 12:36:32 arch kernel: BIOS-e820: [mem 0x000000000a000000-0x000000000a1fffff] usable
Feb 19 12:36:32 arch kernel: BIOS-e820: [mem 0x000000000a200000-0x000000000a210fff] ACPI NVS
Feb 19 12:36:32 arch kernel: BIOS-e820: [mem 0x000000000a211000-0x000000000affffff] usable
Feb 19 12:36:32 arch kernel: BIOS-e820: [mem 0x000000000b000000-0x000000000b01ffff] reserved
Feb 19 12:36:32 arch kernel: BIOS-e820: [mem 0x000000000b020000-0x00000000bbb21fff] usable
Feb 19 12:36:32 arch kernel: BIOS-e820: [mem 0x00000000bbb22000-0x00000000bd142fff] reserved
Feb 19 12:36:32 arch kernel: BIOS-e820: [mem 0x00000000bd143000-0x00000000bd189fff] ACPI data
Feb 19 12:36:32 arch kernel: BIOS-e820: [mem 0x00000000bd18a000-0x00000000bd4a9fff] ACPI NVS
Feb 19 12:36:32 arch kernel: BIOS-e820: [mem 0x00000000bd4aa000-0x00000000bdffefff] reserved
Feb 19 12:36:32 arch kernel: BIOS-e820: [mem 0x00000000bdfff000-0x00000000beffffff] usable
Feb 19 12:36:32 arch kernel: BIOS-e820: [mem 0x00000000bf000000-0x00000000bfffffff] reserved
Feb 19 12:36:32 arch kernel: BIOS-e820: [mem 0x00000000f0000000-0x00000000f7ffffff] reserved
Feb 19 12:36:32 arch kernel: BIOS-e820: [mem 0x00000000fd200000-0x00000000fd2fffff] reserved
Feb 19 12:36:32 arch kernel: BIOS-e820: [mem 0x00000000fd600000-0x00000000fd7fffff] reserved
Feb 19 12:36:32 arch kernel: BIOS-e820: [mem 0x00000000fea00000-0x00000000fea0ffff] reserved
Feb 19 12:36:32 arch kernel: BIOS-e820: [mem 0x00000000feb80000-0x00000000fec01fff] reserved
Feb 19 12:36:32 arch kernel: BIOS-e820: [mem 0x00000000fec10000-0x00000000fec10fff] reserved
Feb 19 12:36:32 arch kernel: BIOS-e820: [mem 0x00000000fec30000-0x00000000fec30fff] reserved
Feb 19 12:36:32 arch kernel: BIOS-e820: [mem 0x00000000fed00000-0x00000000fed00fff] reserved
Feb 19 12:36:32 arch kernel: BIOS-e820: [mem 0x00000000fed40000-0x00000000fed44fff] reserved
Feb 19 12:36:32 arch kernel: BIOS-e820: [mem 0x00000000fed80000-0x00000000fed8ffff] reserved
Feb 19 12:36:32 arch kernel: BIOS-e820: [mem 0x00000000fedc2000-0x00000000fedcffff] reserved
Feb 19 12:36:32 arch kernel: BIOS-e820: [mem 0x00000000fedd4000-0x00000000fedd5fff] reserved
Feb 19 12:36:32 arch kernel: BIOS-e820: [mem 0x00000000ff000000-0x00000000ffffffff] reserved
Feb 19 12:36:32 arch kernel: BIOS-e820: [mem 0x0000000100000000-0x000000083f37ffff] usable
Feb 19 12:36:32 arch kernel: BIOS-e820: [mem 0x000000083f380000-0x000000083fffffff] reserved
Feb 19 12:36:32 arch kernel: NX (Execute Disable) protection: active
Feb 19 12:36:32 arch kernel: e820: update [mem 0xb6dcf018-0xb6de8657] usable ==> usable
Feb 19 12:36:32 arch kernel: e820: update [mem 0xb6dcf018-0xb6de8657] usable ==> usable
Feb 19 12:36:32 arch kernel: extended physical RAM map:
Feb 19 12:36:32 arch kernel: reserve setup_data: [mem 0x0000000000000000-0x000000000009ffff] usable
Feb 19 12:36:32 arch kernel: reserve setup_data: [mem 0x00000000000a0000-0x00000000000fffff] reserved
Feb 19 12:36:32 arch kernel: reserve setup_data: [mem 0x0000000000100000-0x0000000009bfefff] usable
Feb 19 12:36:32 arch kernel: reserve setup_data: [mem 0x0000000009bff000-0x0000000009ffffff] reserved
Feb 19 12:36:32 arch kernel: reserve setup_data: [mem 0x000000000a000000-0x000000000a1fffff] usable
Feb 19 12:36:32 arch kernel: reserve setup_data: [mem 0x000000000a200000-0x000000000a210fff] ACPI NVS
Feb 19 12:36:32 arch kernel: reserve setup_data: [mem 0x000000000a211000-0x000000000affffff] usable
Feb 19 12:36:32 arch kernel: reserve setup_data: [mem 0x000000000b000000-0x000000000b01ffff] reserved
Feb 19 12:36:32 arch kernel: reserve setup_data: [mem 0x000000000b020000-0x00000000b6dcf017] usable
Feb 19 12:36:32 arch kernel: reserve setup_data: [mem 0x00000000b6dcf018-0x00000000b6de8657] usable
Feb 19 12:36:32 arch kernel: reserve setup_data: [mem 0x00000000b6de8658-0x00000000bbb21fff] usable
Feb 19 12:36:32 arch kernel: reserve setup_data: [mem 0x00000000bbb22000-0x00000000bd142fff] reserved
Feb 19 12:36:32 arch kernel: reserve setup_data: [mem 0x00000000bd143000-0x00000000bd189fff] ACPI data
Feb 19 12:36:32 arch kernel: reserve setup_data: [mem 0x00000000bd18a000-0x00000000bd4a9fff] ACPI NVS
Feb 19 12:36:32 arch kernel: reserve setup_data: [mem 0x00000000bd4aa000-0x00000000bdffefff] reserved
Feb 19 12:36:32 arch kernel: reserve setup_data: [mem 0x00000000bdfff000-0x00000000beffffff] usable
Feb 19 12:36:32 arch kernel: reserve setup_data: [mem 0x00000000bf000000-0x00000000bfffffff] reserved
Feb 19 12:36:32 arch kernel: reserve setup_data: [mem 0x00000000f0000000-0x00000000f7ffffff] reserved
Feb 19 12:36:32 arch kernel: reserve setup_data: [mem 0x00000000fd200000-0x00000000fd2fffff] reserved
Feb 19 12:36:32 arch kernel: reserve setup_data: [mem 0x00000000fd600000-0x00000000fd7fffff] reserved
Feb 19 12:36:32 arch kernel: reserve setup_data: [mem 0x00000000fea00000-0x00000000fea0ffff] reserved
Feb 19 12:36:32 arch kernel: reserve setup_data: [mem 0x00000000feb80000-0x00000000fec01fff] reserved
Feb 19 12:36:32 arch kernel: reserve setup_data: [mem 0x00000000fec10000-0x00000000fec10fff] reserved
Feb 19 12:36:32 arch kernel: reserve setup_data: [mem 0x00000000fec30000-0x00000000fec30fff] reserved
Feb 19 12:36:32 arch kernel: reserve setup_data: [mem 0x00000000fed00000-0x00000000fed00fff] reserved
Feb 19 12:36:32 arch kernel: reserve setup_data: [mem 0x00000000fed40000-0x00000000fed44fff] reserved
Feb 19 12:36:32 arch kernel: reserve setup_data: [mem 0x00000000fed80000-0x00000000fed8ffff] reserved
Feb 19 12:36:32 arch kernel: reserve setup_data: [mem 0x00000000fedc2000-0x00000000fedcffff] reserved
Feb 19 12:36:32 arch kernel: reserve setup_data: [mem 0x00000000fedd4000-0x00000000fedd5fff] reserved
Feb 19 12:36:32 arch kernel: reserve setup_data: [mem 0x00000000ff000000-0x00000000ffffffff] reserved
Feb 19 12:36:32 arch kernel: reserve setup_data: [mem 0x0000000100000000-0x000000083f37ffff] usable
Feb 19 12:36:32 arch kernel: reserve setup_data: [mem 0x000000083f380000-0x000000083fffffff] reserved
Feb 19 12:36:32 arch kernel: efi: EFI v2.70 by American Megatrends
Feb 19 12:36:32 arch kernel: efi: ACPI=0xbd493000 ACPI 2.0=0xbd493014 TPMFinalLog=0xbd45d000 SMBIOS=0xbde34000 SMBIOS 3.0=0xbde33000 MEMATTR=0xb701d518 ESRT=0xb8523218 RNG=0xbde77a98 TPMEventLog=0xb6e67018
Feb 19 12:36:32 arch kernel: efi: seeding entropy pool
Feb 19 12:36:32 arch kernel: SMBIOS 3.3.0 present.
Feb 19 12:36:32 arch kernel: DMI: To Be Filled By O.E.M. To Be Filled By O.E.M./B550 Extreme4, BIOS P2.10 08/04/2021
Feb 19 12:36:32 arch kernel: tsc: Fast TSC calibration using PIT
Feb 19 12:36:32 arch kernel: tsc: Detected 3599.745 MHz processor
Feb 19 12:36:32 arch kernel: e820: update [mem 0x00000000-0x00000fff] usable ==> reserved
Feb 19 12:36:32 arch kernel: e820: remove [mem 0x000a0000-0x000fffff] usable
Feb 19 12:36:32 arch kernel: last_pfn = 0x83f380 max_arch_pfn = 0x400000000
Feb 19 12:36:32 arch kernel: x86/PAT: Configuration [0-7]: WB  WC  UC- UC  WB  WP  UC- WT
Feb 19 12:36:32 arch kernel: total RAM covered: 3071M
Feb 19 12:36:32 arch kernel: Found optimal setting for mtrr clean up
Feb 19 12:36:32 arch kernel:  gran_size: 64K         chunk_size: 64M         num_reg: 3          lose cover RAM: 0G
Feb 19 12:36:32 arch kernel: e820: update [mem 0xbd230000-0xbd23ffff] usable ==> reserved
Feb 19 12:36:32 arch kernel: e820: update [mem 0xc0000000-0xffffffff] usable ==> reserved
Feb 19 12:36:32 arch kernel: last_pfn = 0xbf000 max_arch_pfn = 0x400000000
Feb 19 12:36:32 arch kernel: esrt: Reserving ESRT space from 0x00000000b8523218 to 0x00000000b8523250.
Feb 19 12:36:32 arch kernel: e820: update [mem 0xb8523000-0xb8523fff] usable ==> reserved
Feb 19 12:36:32 arch kernel: Using GB pages for direct mapping
Feb 19 12:36:32 arch kernel: Secure boot disabled
Feb 19 12:36:32 arch kernel: RAMDISK: [mem 0x7f6d2000-0x7fff2fff]
Feb 19 12:36:32 arch kernel: ACPI: Early table checksum verification disabled
Feb 19 12:36:32 arch kernel: ACPI: RSDP 0x00000000BD493014 000024 (v02 ALASKA)
Feb 19 12:36:32 arch kernel: ACPI: XSDT 0x00000000BD492728 0000EC (v01 ALASKA A M I    01072009 AMI  01000013)
Feb 19 12:36:32 arch kernel: ACPI: FACP 0x00000000BD183000 000114 (v06 ALASKA A M I    01072009 AMI  00010013)
Feb 19 12:36:32 arch kernel: ACPI: DSDT 0x00000000BD17C000 006853 (v02 ALASKA A M I    01072009 INTL 20120913)
Feb 19 12:36:32 arch kernel: ACPI: FACS 0x00000000BD48D000 000040
Feb 19 12:36:32 arch kernel: ACPI: SSDT 0x00000000BD189000 00092A (v02 AMD    AmdTable 00000002 MSFT 04000000)
Feb 19 12:36:32 arch kernel: ACPI: SSDT 0x00000000BD185000 003AD2 (v01 AMD    AMD AOD  00000001 INTL 20120913)
Feb 19 12:36:32 arch kernel: ACPI: SSDT 0x00000000BD184000 000221 (v02 ALASKA CPUSSDT  01072009 AMI  01072009)
Feb 19 12:36:32 arch kernel: ACPI: FIDT 0x00000000BD17B000 00009C (v01 ALASKA A M I    01072009 AMI  00010013)
Feb 19 12:36:32 arch kernel: ACPI: MCFG 0x00000000BD17A000 00003C (v01 ALASKA A M I    01072009 MSFT 00010013)
Feb 19 12:36:32 arch kernel: ACPI: AAFT 0x00000000BD179000 000115 (v01 ALASKA OEMAAFT  01072009 MSFT 00000097)
Feb 19 12:36:32 arch kernel: ACPI: HPET 0x00000000BD178000 000038 (v01 ALASKA A M I    01072009 AMI  00000005)
Feb 19 12:36:32 arch kernel: ACPI: VFCT 0x00000000BD169000 00E884 (v01 ALASKA A M I    00000001 AMD  31504F47)
Feb 19 12:36:32 arch kernel: ACPI: BGRT 0x00000000BD168000 000038 (v01 ALASKA A M I    01072009 AMI  00010013)
Feb 19 12:36:32 arch kernel: ACPI: TPM2 0x00000000BD167000 00004C (v04 ALASKA A M I    00000001 AMI  00000000)
Feb 19 12:36:32 arch kernel: ACPI: PCCT 0x00000000BD166000 00006E (v02 AMD    AmdTable 00000001 AMD  00000001)
Feb 19 12:36:32 arch kernel: ACPI: SSDT 0x00000000BD162000 003FB9 (v02 AMD    AmdTable 00000001 AMD  00000001)
Feb 19 12:36:32 arch kernel: ACPI: CRAT 0x00000000BD161000 000ED8 (v01 AMD    AmdTable 00000001 AMD  00000001)
Feb 19 12:36:32 arch kernel: ACPI: CDIT 0x00000000BD160000 000029 (v01 AMD    AmdTable 00000001 AMD  00000001)
Feb 19 12:36:32 arch kernel: ACPI: SSDT 0x00000000BD15F000 000293 (v01 AMD    ArticDGP 00000001 INTL 20120913)
Feb 19 12:36:32 arch kernel: ACPI: SSDT 0x00000000BD15D000 0010B4 (v01 AMD    ArticTPX 00000001 INTL 20120913)
Feb 19 12:36:32 arch kernel: ACPI: SSDT 0x00000000BD15C000 00052C (v01 AMD    ArticNOI 00000001 INTL 20120913)
Feb 19 12:36:32 arch kernel: ACPI: SSDT 0x00000000BD158000 003802 (v01 AMD    ArticN   00000001 INTL 20120913)
Feb 19 12:36:32 arch kernel: ACPI: WSMT 0x00000000BD157000 000028 (v01 ALASKA A M I    01072009 AMI  00010013)
Feb 19 12:36:32 arch kernel: ACPI: APIC 0x00000000BD156000 00015E (v03 ALASKA A M I    01072009 AMI  00010013)
Feb 19 12:36:32 arch kernel: ACPI: SSDT 0x00000000BD155000 00007D (v01 AMD    ArticDIS 00000001 INTL 20120913)
Feb 19 12:36:32 arch kernel: ACPI: SSDT 0x00000000BD153000 0010AF (v01 AMD    ArticC   00000001 INTL 20120913)
Feb 19 12:36:32 arch kernel: ACPI: SSDT 0x00000000BD152000 0000BF (v01 AMD    AmdTable 00001000 INTL 20120913)
Feb 19 12:36:32 arch kernel: ACPI: FPDT 0x00000000BD151000 000044 (v01 ALASKA A M I    01072009 AMI  01000013)
Feb 19 12:36:32 arch kernel: ACPI: Reserving FACP table memory at [mem 0xbd183000-0xbd183113]
Feb 19 12:36:32 arch kernel: ACPI: Reserving DSDT table memory at [mem 0xbd17c000-0xbd182852]
Feb 19 12:36:32 arch kernel: ACPI: Reserving FACS table memory at [mem 0xbd48d000-0xbd48d03f]
Feb 19 12:36:32 arch kernel: ACPI: Reserving SSDT table memory at [mem 0xbd189000-0xbd189929]
Feb 19 12:36:32 arch kernel: ACPI: Reserving SSDT table memory at [mem 0xbd185000-0xbd188ad1]
Feb 19 12:36:32 arch kernel: ACPI: Reserving SSDT table memory at [mem 0xbd184000-0xbd184220]
Feb 19 12:36:32 arch kernel: ACPI: Reserving FIDT table memory at [mem 0xbd17b000-0xbd17b09b]
Feb 19 12:36:32 arch kernel: ACPI: Reserving MCFG table memory at [mem 0xbd17a000-0xbd17a03b]
Feb 19 12:36:32 arch kernel: ACPI: Reserving AAFT table memory at [mem 0xbd179000-0xbd179114]
Feb 19 12:36:32 arch kernel: ACPI: Reserving HPET table memory at [mem 0xbd178000-0xbd178037]
Feb 19 12:36:32 arch kernel: ACPI: Reserving VFCT table memory at [mem 0xbd169000-0xbd177883]
Feb 19 12:36:32 arch kernel: ACPI: Reserving BGRT table memory at [mem 0xbd168000-0xbd168037]
Feb 19 12:36:32 arch kernel: ACPI: Reserving TPM2 table memory at [mem 0xbd167000-0xbd16704b]
Feb 19 12:36:32 arch kernel: ACPI: Reserving PCCT table memory at [mem 0xbd166000-0xbd16606d]
Feb 19 12:36:32 arch kernel: ACPI: Reserving SSDT table memory at [mem 0xbd162000-0xbd165fb8]
Feb 19 12:36:32 arch kernel: ACPI: Reserving CRAT table memory at [mem 0xbd161000-0xbd161ed7]
Feb 19 12:36:32 arch kernel: ACPI: Reserving CDIT table memory at [mem 0xbd160000-0xbd160028]
Feb 19 12:36:32 arch kernel: ACPI: Reserving SSDT table memory at [mem 0xbd15f000-0xbd15f292]
Feb 19 12:36:32 arch kernel: ACPI: Reserving SSDT table memory at [mem 0xbd15d000-0xbd15e0b3]
Feb 19 12:36:32 arch kernel: ACPI: Reserving SSDT table memory at [mem 0xbd15c000-0xbd15c52b]
Feb 19 12:36:32 arch kernel: ACPI: Reserving SSDT table memory at [mem 0xbd158000-0xbd15b801]
Feb 19 12:36:32 arch kernel: ACPI: Reserving WSMT table memory at [mem 0xbd157000-0xbd157027]
Feb 19 12:36:32 arch kernel: ACPI: Reserving APIC table memory at [mem 0xbd156000-0xbd15615d]
Feb 19 12:36:32 arch kernel: ACPI: Reserving SSDT table memory at [mem 0xbd155000-0xbd15507c]
Feb 19 12:36:32 arch kernel: ACPI: Reserving SSDT table memory at [mem 0xbd153000-0xbd1540ae]
Feb 19 12:36:32 arch kernel: ACPI: Reserving SSDT table memory at [mem 0xbd152000-0xbd1520be]
Feb 19 12:36:32 arch kernel: ACPI: Reserving FPDT table memory at [mem 0xbd151000-0xbd151043]
Feb 19 12:36:32 arch kernel: No NUMA configuration found
Feb 19 12:36:32 arch kernel: Faking a node at [mem 0x0000000000000000-0x000000083f37ffff]
Feb 19 12:36:32 arch kernel: NODE_DATA(0) allocated [mem 0x83f37c000-0x83f37ffff]
Feb 19 12:36:32 arch kernel: Zone ranges:
Feb 19 12:36:32 arch kernel:   DMA      [mem 0x0000000000001000-0x0000000000ffffff]
Feb 19 12:36:32 arch kernel:   DMA32    [mem 0x0000000001000000-0x00000000ffffffff]
Feb 19 12:36:32 arch kernel:   Normal   [mem 0x0000000100000000-0x000000083f37ffff]
Feb 19 12:36:32 arch kernel:   Device   empty
Feb 19 12:36:32 arch kernel: Movable zone start for each node
Feb 19 12:36:32 arch kernel: Early memory node ranges
Feb 19 12:36:32 arch kernel:   node   0: [mem 0x0000000000001000-0x000000000009ffff]
Feb 19 12:36:32 arch kernel:   node   0: [mem 0x0000000000100000-0x0000000009bfefff]
Feb 19 12:36:32 arch kernel:   node   0: [mem 0x000000000a000000-0x000000000a1fffff]
Feb 19 12:36:32 arch kernel:   node   0: [mem 0x000000000a211000-0x000000000affffff]
Feb 19 12:36:32 arch kernel:   node   0: [mem 0x000000000b020000-0x00000000bbb21fff]
Feb 19 12:36:32 arch kernel:   node   0: [mem 0x00000000bdfff000-0x00000000beffffff]
Feb 19 12:36:32 arch kernel:   node   0: [mem 0x0000000100000000-0x000000083f37ffff]
Feb 19 12:36:32 arch kernel: Initmem setup node 0 [mem 0x0000000000001000-0x000000083f37ffff]
Feb 19 12:36:32 arch kernel: On node 0, zone DMA: 1 pages in unavailable ranges
Feb 19 12:36:32 arch kernel: On node 0, zone DMA: 96 pages in unavailable ranges
Feb 19 12:36:32 arch kernel: On node 0, zone DMA32: 1025 pages in unavailable ranges
Feb 19 12:36:32 arch kernel: On node 0, zone DMA32: 17 pages in unavailable ranges
Feb 19 12:36:32 arch kernel: On node 0, zone DMA32: 32 pages in unavailable ranges
Feb 19 12:36:32 arch kernel: On node 0, zone DMA32: 9437 pages in unavailable ranges
Feb 19 12:36:32 arch kernel: On node 0, zone Normal: 4096 pages in unavailable ranges
Feb 19 12:36:32 arch kernel: On node 0, zone Normal: 3200 pages in unavailable ranges
Feb 19 12:36:32 arch kernel: ACPI: PM-Timer IO Port: 0x808
Feb 19 12:36:32 arch kernel: ACPI: LAPIC_NMI (acpi_id[0xff] high edge lint[0x1])
Feb 19 12:36:32 arch kernel: IOAPIC[0]: apic_id 17, version 33, address 0xfec00000, GSI 0-23
Feb 19 12:36:32 arch kernel: IOAPIC[1]: apic_id 18, version 33, address 0xfec01000, GSI 24-55
Feb 19 12:36:32 arch kernel: ACPI: INT_SRC_OVR (bus 0 bus_irq 0 global_irq 2 dfl dfl)
Feb 19 12:36:32 arch kernel: ACPI: INT_SRC_OVR (bus 0 bus_irq 9 global_irq 9 low level)
Feb 19 12:36:32 arch kernel: ACPI: Using ACPI (MADT) for SMP configuration information
Feb 19 12:36:32 arch kernel: ACPI: HPET id: 0x10228201 base: 0xfed00000
Feb 19 12:36:32 arch kernel: e820: update [mem 0xb852a000-0xb856afff] usable ==> reserved
Feb 19 12:36:32 arch kernel: smpboot: Allowing 32 CPUs, 16 hotplug CPUs
Feb 19 12:36:32 arch kernel: PM: hibernation: Registered nosave memory: [mem 0x00000000-0x00000fff]
Feb 19 12:36:32 arch kernel: PM: hibernation: Registered nosave memory: [mem 0x000a0000-0x000fffff]
Feb 19 12:36:32 arch kernel: PM: hibernation: Registered nosave memory: [mem 0x09bff000-0x09ffffff]
Feb 19 12:36:32 arch kernel: PM: hibernation: Registered nosave memory: [mem 0x0a200000-0x0a210fff]
Feb 19 12:36:32 arch kernel: PM: hibernation: Registered nosave memory: [mem 0x0b000000-0x0b01ffff]
Feb 19 12:36:32 arch kernel: PM: hibernation: Registered nosave memory: [mem 0xb6dcf000-0xb6dcffff]
Feb 19 12:36:32 arch kernel: PM: hibernation: Registered nosave memory: [mem 0xb6de8000-0xb6de8fff]
Feb 19 12:36:32 arch kernel: PM: hibernation: Registered nosave memory: [mem 0xb8523000-0xb8523fff]
Feb 19 12:36:32 arch kernel: PM: hibernation: Registered nosave memory: [mem 0xb852a000-0xb856afff]
Feb 19 12:36:32 arch kernel: PM: hibernation: Registered nosave memory: [mem 0xbbb22000-0xbd142fff]
Feb 19 12:36:32 arch kernel: PM: hibernation: Registered nosave memory: [mem 0xbd143000-0xbd189fff]
Feb 19 12:36:32 arch kernel: PM: hibernation: Registered nosave memory: [mem 0xbd18a000-0xbd4a9fff]
Feb 19 12:36:32 arch kernel: PM: hibernation: Registered nosave memory: [mem 0xbd4aa000-0xbdffefff]
Feb 19 12:36:32 arch kernel: PM: hibernation: Registered nosave memory: [mem 0xbf000000-0xbfffffff]
Feb 19 12:36:32 arch kernel: PM: hibernation: Registered nosave memory: [mem 0xc0000000-0xefffffff]
Feb 19 12:36:32 arch kernel: PM: hibernation: Registered nosave memory: [mem 0xf0000000-0xf7ffffff]
Feb 19 12:36:32 arch kernel: PM: hibernation: Registered nosave memory: [mem 0xf8000000-0xfd1fffff]
Feb 19 12:36:32 arch kernel: PM: hibernation: Registered nosave memory: [mem 0xfd200000-0xfd2fffff]
Feb 19 12:36:32 arch kernel: PM: hibernation: Registered nosave memory: [mem 0xfd300000-0xfd5fffff]
Feb 19 12:36:32 arch kernel: PM: hibernation: Registered nosave memory: [mem 0xfd600000-0xfd7fffff]
Feb 19 12:36:32 arch kernel: PM: hibernation: Registered nosave memory: [mem 0xfd800000-0xfe9fffff]
Feb 19 12:36:32 arch kernel: PM: hibernation: Registered nosave memory: [mem 0xfea00000-0xfea0ffff]
Feb 19 12:36:32 arch kernel: PM: hibernation: Registered nosave memory: [mem 0xfea10000-0xfeb7ffff]
Feb 19 12:36:32 arch kernel: PM: hibernation: Registered nosave memory: [mem 0xfeb80000-0xfec01fff]
Feb 19 12:36:32 arch kernel: PM: hibernation: Registered nosave memory: [mem 0xfec02000-0xfec0ffff]
Feb 19 12:36:32 arch kernel: PM: hibernation: Registered nosave memory: [mem 0xfec10000-0xfec10fff]
Feb 19 12:36:32 arch kernel: PM: hibernation: Registered nosave memory: [mem 0xfec11000-0xfec2ffff]
Feb 19 12:36:32 arch kernel: PM: hibernation: Registered nosave memory: [mem 0xfec30000-0xfec30fff]
Feb 19 12:36:32 arch kernel: PM: hibernation: Registered nosave memory: [mem 0xfec31000-0xfecfffff]
Feb 19 12:36:32 arch kernel: PM: hibernation: Registered nosave memory: [mem 0xfed00000-0xfed00fff]
Feb 19 12:36:32 arch kernel: PM: hibernation: Registered nosave memory: [mem 0xfed01000-0xfed3ffff]
Feb 19 12:36:32 arch kernel: PM: hibernation: Registered nosave memory: [mem 0xfed40000-0xfed44fff]
Feb 19 12:36:32 arch kernel: PM: hibernation: Registered nosave memory: [mem 0xfed45000-0xfed7ffff]
Feb 19 12:36:32 arch kernel: PM: hibernation: Registered nosave memory: [mem 0xfed80000-0xfed8ffff]
Feb 19 12:36:32 arch kernel: PM: hibernation: Registered nosave memory: [mem 0xfed90000-0xfedc1fff]
Feb 19 12:36:32 arch kernel: PM: hibernation: Registered nosave memory: [mem 0xfedc2000-0xfedcffff]
Feb 19 12:36:32 arch kernel: PM: hibernation: Registered nosave memory: [mem 0xfedd0000-0xfedd3fff]
Feb 19 12:36:32 arch kernel: PM: hibernation: Registered nosave memory: [mem 0xfedd4000-0xfedd5fff]
Feb 19 12:36:32 arch kernel: PM: hibernation: Registered nosave memory: [mem 0xfedd6000-0xfeffffff]
Feb 19 12:36:32 arch kernel: PM: hibernation: Registered nosave memory: [mem 0xff000000-0xffffffff]
Feb 19 12:36:32 arch kernel: [mem 0xc0000000-0xefffffff] available for PCI devices
Feb 19 12:36:32 arch kernel: Booting paravirtualized kernel on bare hardware
Feb 19 12:36:32 arch kernel: clocksource: refined-jiffies: mask: 0xffffffff max_cycles: 0xffffffff, max_idle_ns: 6370452778343963 ns
Feb 19 12:36:32 arch kernel: setup_percpu: NR_CPUS:320 nr_cpumask_bits:320 nr_cpu_ids:32 nr_node_ids:1
Feb 19 12:36:32 arch kernel: percpu: Embedded 61 pages/cpu s212992 r8192 d28672 u262144
Feb 19 12:36:32 arch kernel: pcpu-alloc: s212992 r8192 d28672 u262144 alloc=1*2097152
Feb 19 12:36:32 arch kernel: pcpu-alloc: [0] 00 01 02 03 04 05 06 07 [0] 08 09 10 11 12 13 14 15
Feb 19 12:36:32 arch kernel: pcpu-alloc: [0] 16 17 18 19 20 21 22 23 [0] 24 25 26 27 28 29 30 31
Feb 19 12:36:32 arch kernel: Fallback order for Node 0: 0
Feb 19 12:36:32 arch kernel: Built 1 zonelists, mobility grouping on.  Total pages: 8239751
Feb 19 12:36:32 arch kernel: Policy zone: Normal
Feb 19 12:36:32 arch kernel: Kernel command line: ro root=UUID=6ff1b144-cb9b-4c2a-83b8-08dc366f7104 rcu_nocbs=0-15 processor.max_cstate=5 initrd=\boot\amd-ucode.img initrd=\boot\initramfs-linux.img
Feb 19 12:36:32 arch kernel: Unknown kernel command line parameters "rcu_nocbs=0-15", will be passed to user space.
Feb 19 12:36:32 arch kernel: printk: log_buf_len individual max cpu contribution: 4096 bytes
Feb 19 12:36:32 arch kernel: printk: log_buf_len total cpu_extra contributions: 126976 bytes
Feb 19 12:36:32 arch kernel: printk: log_buf_len min size: 131072 bytes
Feb 19 12:36:32 arch kernel: printk: log_buf_len: 262144 bytes
Feb 19 12:36:32 arch kernel: printk: early log buf free: 112624(85%)
Feb 19 12:36:32 arch kernel: Dentry cache hash table entries: 4194304 (order: 13, 33554432 bytes, linear)
Feb 19 12:36:32 arch kernel: Inode-cache hash table entries: 2097152 (order: 12, 16777216 bytes, linear)
Feb 19 12:36:32 arch kernel: mem auto-init: stack:byref_all(zero), heap alloc:on, heap free:off
Feb 19 12:36:32 arch kernel: Memory: 32698824K/33482816K available (14344K kernel code, 2079K rwdata, 10936K rodata, 1784K init, 3864K bss, 783732K reserved, 0K cma-reserved)
Feb 19 12:36:32 arch kernel: random: get_random_u64 called from __kmem_cache_create+0x2a/0x550 with crng_init=0
Feb 19 12:36:32 arch kernel: SLUB: HWalign=64, Order=0-3, MinObjects=0, CPUs=32, Nodes=1
Feb 19 12:36:32 arch kernel: ftrace: allocating 45089 entries in 177 pages
Feb 19 12:36:32 arch kernel: ftrace: allocated 177 pages with 4 groups
Feb 19 12:36:32 arch kernel: Dynamic Preempt: full
Feb 19 12:36:32 arch kernel: rcu: Preemptible hierarchical RCU implementation.
Feb 19 12:36:32 arch kernel: rcu:         RCU dyntick-idle grace-period acceleration is enabled.
Feb 19 12:36:32 arch kernel: rcu:         RCU restricting CPUs from NR_CPUS=320 to nr_cpu_ids=32.
Feb 19 12:36:32 arch kernel: rcu:         RCU priority boosting: priority 1 delay 500 ms.
Feb 19 12:36:32 arch kernel:         Trampoline variant of Tasks RCU enabled.
Feb 19 12:36:32 arch kernel:         Rude variant of Tasks RCU enabled.
Feb 19 12:36:32 arch kernel:         Tracing variant of Tasks RCU enabled.
Feb 19 12:36:32 arch kernel: rcu: RCU calculated value of scheduler-enlistment delay is 30 jiffies.
Feb 19 12:36:32 arch kernel: rcu: Adjusting geometry for rcu_fanout_leaf=16, nr_cpu_ids=32
Feb 19 12:36:32 arch kernel: NR_IRQS: 20736, nr_irqs: 1224, preallocated irqs: 16
Feb 19 12:36:32 arch kernel: kfence: initialized - using 2097152 bytes for 255 objects at 0x(____ptrval____)-0x(____ptrval____)
Feb 19 12:36:32 arch kernel: Console: colour dummy device 80x25
Feb 19 12:36:32 arch kernel: printk: console [tty0] enabled
Feb 19 12:36:32 arch kernel: ACPI: Core revision 20210930
Feb 19 12:36:32 arch kernel: clocksource: hpet: mask: 0xffffffff max_cycles: 0xffffffff, max_idle_ns: 133484873504 ns
Feb 19 12:36:32 arch kernel: APIC: Switch to symmetric I/O mode setup
Feb 19 12:36:32 arch kernel: Switched APIC routing to physical flat.
Feb 19 12:36:32 arch kernel: ..TIMER: vector=0x30 apic1=0 pin1=2 apic2=-1 pin2=-1
Feb 19 12:36:32 arch kernel: clocksource: tsc-early: mask: 0xffffffffffffffff max_cycles: 0x33e36262faf, max_idle_ns: 440795294033 ns
Feb 19 12:36:32 arch kernel: Calibrating delay loop (skipped), value calculated using timer frequency.. 7202.46 BogoMIPS (lpj=11999150)
Feb 19 12:36:32 arch kernel: pid_max: default: 32768 minimum: 301
Feb 19 12:36:32 arch kernel: LSM: Security Framework initializing
Feb 19 12:36:32 arch kernel: landlock: Up and running.
Feb 19 12:36:32 arch kernel: Yama: becoming mindful.
Feb 19 12:36:32 arch kernel: LSM support for eBPF active
Feb 19 12:36:32 arch kernel: Mount-cache hash table entries: 65536 (order: 7, 524288 bytes, linear)
Feb 19 12:36:32 arch kernel: Mountpoint-cache hash table entries: 65536 (order: 7, 524288 bytes, linear)
Feb 19 12:36:32 arch kernel: x86/cpu: User Mode Instruction Prevention (UMIP) activated
Feb 19 12:36:32 arch kernel: LVT offset 1 assigned for vector 0xf9
Feb 19 12:36:32 arch kernel: LVT offset 2 assigned for vector 0xf4
Feb 19 12:36:32 arch kernel: Last level iTLB entries: 4KB 1024, 2MB 1024, 4MB 512
Feb 19 12:36:32 arch kernel: Last level dTLB entries: 4KB 2048, 2MB 2048, 4MB 1024, 1GB 0
Feb 19 12:36:32 arch kernel: Spectre V1 : Mitigation: usercopy/swapgs barriers and __user pointer sanitization
Feb 19 12:36:32 arch kernel: Spectre V2 : Mitigation: Full AMD retpoline
Feb 19 12:36:32 arch kernel: Spectre V2 : Spectre v2 / SpectreRSB mitigation: Filling RSB on context switch
Feb 19 12:36:32 arch kernel: Spectre V2 : mitigation: Enabling conditional Indirect Branch Prediction Barrier
Feb 19 12:36:32 arch kernel: Spectre V2 : User space: Mitigation: STIBP via prctl
Feb 19 12:36:32 arch kernel: Speculative Store Bypass: Mitigation: Speculative Store Bypass disabled via prctl
Feb 19 12:36:32 arch kernel: Freeing SMP alternatives memory: 36K
Feb 19 12:36:32 arch kernel: smpboot: CPU0: AMD Ryzen 7 3700X 8-Core Processor (family: 0x17, model: 0x71, stepping: 0x0)
Feb 19 12:36:32 arch kernel: Performance Events: Fam17h+ core perfctr, AMD PMU driver.
Feb 19 12:36:32 arch kernel: ... version:                0
Feb 19 12:36:32 arch kernel: ... bit width:              48
Feb 19 12:36:32 arch kernel: ... generic registers:      6
Feb 19 12:36:32 arch kernel: ... value mask:             0000ffffffffffff
Feb 19 12:36:32 arch kernel: ... max period:             00007fffffffffff
Feb 19 12:36:32 arch kernel: ... fixed-purpose events:   0
Feb 19 12:36:32 arch kernel: ... event mask:             000000000000003f
Feb 19 12:36:32 arch kernel: rcu: Hierarchical SRCU implementation.
Feb 19 12:36:32 arch kernel: NMI watchdog: Enabled. Permanently consumes one hw-PMU counter.
Feb 19 12:36:32 arch kernel: smp: Bringing up secondary CPUs ...
Feb 19 12:36:32 arch kernel: x86: Booting SMP configuration:
Feb 19 12:36:32 arch kernel: .... node  #0, CPUs:        #1  #2  #3  #4  #5  #6  #7  #8  #9 #10 #11 #12 #13 #14 #15
Feb 19 12:36:32 arch kernel: smp: Brought up 1 node, 16 CPUs
Feb 19 12:36:32 arch kernel: smpboot: Max logical packages: 2
Feb 19 12:36:32 arch kernel: smpboot: Total of 16 processors activated (115237.50 BogoMIPS)
Feb 19 12:36:32 arch kernel: devtmpfs: initialized
Feb 19 12:36:32 arch kernel: x86/mm: Memory block size: 128MB
Feb 19 12:36:32 arch kernel: ACPI: PM: Registering ACPI NVS region [mem 0x0a200000-0x0a210fff] (69632 bytes)
Feb 19 12:36:32 arch kernel: ACPI: PM: Registering ACPI NVS region [mem 0xbd18a000-0xbd4a9fff] (3276800 bytes)
Feb 19 12:36:32 arch kernel: clocksource: jiffies: mask: 0xffffffff max_cycles: 0xffffffff, max_idle_ns: 6370867519511994 ns
Feb 19 12:36:32 arch kernel: futex hash table entries: 8192 (order: 7, 524288 bytes, linear)
Feb 19 12:36:32 arch kernel: pinctrl core: initialized pinctrl subsystem
Feb 19 12:36:32 arch kernel: PM: RTC time: 17:36:26, date: 2022-02-19
Feb 19 12:36:32 arch kernel: NET: Registered PF_NETLINK/PF_ROUTE protocol family
Feb 19 12:36:32 arch kernel: DMA: preallocated 4096 KiB GFP_KERNEL pool for atomic allocations
Feb 19 12:36:32 arch kernel: DMA: preallocated 4096 KiB GFP_KERNEL|GFP_DMA pool for atomic allocations
Feb 19 12:36:32 arch kernel: DMA: preallocated 4096 KiB GFP_KERNEL|GFP_DMA32 pool for atomic allocations
Feb 19 12:36:32 arch kernel: audit: initializing netlink subsys (disabled)
Feb 19 12:36:32 arch kernel: audit: type=2000 audit(1645292186.163:1): state=initialized audit_enabled=0 res=1
Feb 19 12:36:32 arch kernel: thermal_sys: Registered thermal governor 'fair_share'
Feb 19 12:36:32 arch kernel: thermal_sys: Registered thermal governor 'bang_bang'
Feb 19 12:36:32 arch kernel: thermal_sys: Registered thermal governor 'step_wise'
Feb 19 12:36:32 arch kernel: thermal_sys: Registered thermal governor 'user_space'
Feb 19 12:36:32 arch kernel: thermal_sys: Registered thermal governor 'power_allocator'
Feb 19 12:36:32 arch kernel: cpuidle: using governor ladder
Feb 19 12:36:32 arch kernel: cpuidle: using governor menu
Feb 19 12:36:32 arch kernel: Detected 1 PCC Subspaces
Feb 19 12:36:32 arch kernel: Registering PCC driver as Mailbox controller
Feb 19 12:36:32 arch kernel: HugeTLB: can free 4094 vmemmap pages for hugepages-1048576kB
Feb 19 12:36:32 arch kernel: acpiphp: ACPI Hot Plug PCI Controller Driver version: 0.5
Feb 19 12:36:32 arch kernel: PCI: MMCONFIG for domain 0000 [bus 00-7f] at [mem 0xf0000000-0xf7ffffff] (base 0xf0000000)
Feb 19 12:36:32 arch kernel: PCI: MMCONFIG at [mem 0xf0000000-0xf7ffffff] reserved in E820
Feb 19 12:36:32 arch kernel: PCI: Using configuration type 1 for base access
Feb 19 12:36:32 arch kernel: kprobes: kprobe jump-optimization is enabled. All kprobes are optimized if possible.
Feb 19 12:36:32 arch kernel: HugeTLB: can free 6 vmemmap pages for hugepages-2048kB
Feb 19 12:36:32 arch kernel: HugeTLB registered 1.00 GiB page size, pre-allocated 0 pages
Feb 19 12:36:32 arch kernel: HugeTLB registered 2.00 MiB page size, pre-allocated 0 pages
Feb 19 12:36:32 arch kernel: ACPI: Added _OSI(Module Device)
Feb 19 12:36:32 arch kernel: ACPI: Added _OSI(Processor Device)
Feb 19 12:36:32 arch kernel: ACPI: Added _OSI(3.0 _SCP Extensions)
Feb 19 12:36:32 arch kernel: ACPI: Added _OSI(Processor Aggregator Device)
Feb 19 12:36:32 arch kernel: ACPI: Added _OSI(Linux-Dell-Video)
Feb 19 12:36:32 arch kernel: ACPI: Added _OSI(Linux-Lenovo-NV-HDMI-Audio)
Feb 19 12:36:32 arch kernel: ACPI: Added _OSI(Linux-HPI-Hybrid-Graphics)
Feb 19 12:36:32 arch kernel: ACPI: 12 ACPI AML tables successfully acquired and loaded
Feb 19 12:36:32 arch kernel: ACPI: [Firmware Bug]: BIOS _OSI(Linux) query ignored
Feb 19 12:36:32 arch kernel: ACPI: Interpreter enabled
Feb 19 12:36:32 arch kernel: ACPI: PM: (supports S0 S3 S4 S5)
Feb 19 12:36:32 arch kernel: ACPI: Using IOAPIC for interrupt routing
Feb 19 12:36:32 arch kernel: PCI: Using host bridge windows from ACPI; if necessary, use "pci=nocrs" and report a bug
Feb 19 12:36:32 arch kernel: ACPI: Enabled 8 GPEs in block 00 to 1F
Feb 19 12:36:32 arch kernel: ACPI: PCI Root Bridge [PCI0] (domain 0000 [bus 00-ff])
Feb 19 12:36:32 arch kernel: acpi PNP0A08:00: _OSC: OS supports [ExtendedConfig ASPM ClockPM Segments MSI EDR HPX-Type3]
Feb 19 12:36:32 arch kernel: acpi PNP0A08:00: _OSC: platform does not support [SHPCHotplug LTR DPC]
Feb 19 12:36:32 arch kernel: acpi PNP0A08:00: _OSC: OS now controls [PCIeHotplug PME AER PCIeCapability]
Feb 19 12:36:32 arch kernel: acpi PNP0A08:00: [Firmware Info]: MMCONFIG for domain 0000 [bus 00-7f] only partially covers this bridge
Feb 19 12:36:32 arch kernel: PCI host bridge to bus 0000:00
Feb 19 12:36:32 arch kernel: pci_bus 0000:00: root bus resource [io  0x0000-0x03af window]
Feb 19 12:36:32 arch kernel: pci_bus 0000:00: root bus resource [io  0x03e0-0x0cf7 window]
Feb 19 12:36:32 arch kernel: pci_bus 0000:00: root bus resource [io  0x03b0-0x03df window]
Feb 19 12:36:32 arch kernel: pci_bus 0000:00: root bus resource [io  0x0d00-0xffff window]
Feb 19 12:36:32 arch kernel: pci_bus 0000:00: root bus resource [mem 0x000a0000-0x000dffff window]
Feb 19 12:36:32 arch kernel: pci_bus 0000:00: root bus resource [mem 0xc0000000-0xfcffffff window]
Feb 19 12:36:32 arch kernel: pci_bus 0000:00: root bus resource [mem 0x840000000-0x7fffffffff window]
Feb 19 12:36:32 arch kernel: pci_bus 0000:00: root bus resource [bus 00-ff]
Feb 19 12:36:32 arch kernel: pci 0000:00:00.0: [1022:1480] type 00 class 0x060000
Feb 19 12:36:32 arch kernel: pci 0000:00:01.0: [1022:1482] type 00 class 0x060000
Feb 19 12:36:32 arch kernel: pci 0000:00:01.2: [1022:1483] type 01 class 0x060400
Feb 19 12:36:32 arch kernel: pci 0000:00:01.2: enabling Extended Tags
Feb 19 12:36:32 arch kernel: pci 0000:00:01.2: PME# supported from D0 D3hot D3cold
Feb 19 12:36:32 arch kernel: pci 0000:00:02.0: [1022:1482] type 00 class 0x060000
Feb 19 12:36:32 arch kernel: pci 0000:00:03.0: [1022:1482] type 00 class 0x060000
Feb 19 12:36:32 arch kernel: pci 0000:00:03.1: [1022:1483] type 01 class 0x060400
Feb 19 12:36:32 arch kernel: pci 0000:00:03.1: PME# supported from D0 D3hot D3cold
Feb 19 12:36:32 arch kernel: pci 0000:00:04.0: [1022:1482] type 00 class 0x060000
Feb 19 12:36:32 arch kernel: pci 0000:00:05.0: [1022:1482] type 00 class 0x060000
Feb 19 12:36:32 arch kernel: pci 0000:00:07.0: [1022:1482] type 00 class 0x060000
Feb 19 12:36:32 arch kernel: pci 0000:00:07.1: [1022:1484] type 01 class 0x060400
Feb 19 12:36:32 arch kernel: pci 0000:00:07.1: enabling Extended Tags
Feb 19 12:36:32 arch kernel: pci 0000:00:07.1: PME# supported from D0 D3hot D3cold
Feb 19 12:36:32 arch kernel: pci 0000:00:08.0: [1022:1482] type 00 class 0x060000
Feb 19 12:36:32 arch kernel: pci 0000:00:08.1: [1022:1484] type 01 class 0x060400
Feb 19 12:36:32 arch kernel: pci 0000:00:08.1: enabling Extended Tags
Feb 19 12:36:32 arch kernel: pci 0000:00:08.1: PME# supported from D0 D3hot D3cold
Feb 19 12:36:32 arch kernel: pci 0000:00:14.0: [1022:790b] type 00 class 0x0c0500
Feb 19 12:36:32 arch kernel: pci 0000:00:14.3: [1022:790e] type 00 class 0x060100
Feb 19 12:36:32 arch kernel: pci 0000:00:18.0: [1022:1440] type 00 class 0x060000
Feb 19 12:36:32 arch kernel: pci 0000:00:18.1: [1022:1441] type 00 class 0x060000
Feb 19 12:36:32 arch kernel: pci 0000:00:18.2: [1022:1442] type 00 class 0x060000
Feb 19 12:36:32 arch kernel: pci 0000:00:18.3: [1022:1443] type 00 class 0x060000
Feb 19 12:36:32 arch kernel: pci 0000:00:18.4: [1022:1444] type 00 class 0x060000
Feb 19 12:36:32 arch kernel: pci 0000:00:18.5: [1022:1445] type 00 class 0x060000
Feb 19 12:36:32 arch kernel: pci 0000:00:18.6: [1022:1446] type 00 class 0x060000
Feb 19 12:36:32 arch kernel: pci 0000:00:18.7: [1022:1447] type 00 class 0x060000
Feb 19 12:36:32 arch kernel: pci 0000:01:00.0: [1022:43ee] type 00 class 0x0c0330
Feb 19 12:36:32 arch kernel: pci 0000:01:00.0: reg 0x10: [mem 0xfcfa0000-0xfcfa7fff 64bit]
Feb 19 12:36:32 arch kernel: pci 0000:01:00.0: enabling Extended Tags
Feb 19 12:36:32 arch kernel: pci 0000:01:00.0: PME# supported from D3hot D3cold
Feb 19 12:36:32 arch kernel: pci 0000:01:00.1: [1022:43eb] type 00 class 0x010601
Feb 19 12:36:32 arch kernel: pci 0000:01:00.1: reg 0x24: [mem 0xfcf80000-0xfcf9ffff]
Feb 19 12:36:32 arch kernel: pci 0000:01:00.1: reg 0x30: [mem 0xfcf00000-0xfcf7ffff pref]
Feb 19 12:36:32 arch kernel: pci 0000:01:00.1: enabling Extended Tags
Feb 19 12:36:32 arch kernel: pci 0000:01:00.1: PME# supported from D3hot D3cold
Feb 19 12:36:32 arch kernel: pci 0000:01:00.2: [1022:43e9] type 01 class 0x060400
Feb 19 12:36:32 arch kernel: pci 0000:01:00.2: enabling Extended Tags
Feb 19 12:36:32 arch kernel: pci 0000:01:00.2: PME# supported from D3hot D3cold
Feb 19 12:36:32 arch kernel: pci 0000:00:01.2: PCI bridge to [bus 01-03]
Feb 19 12:36:32 arch kernel: pci 0000:00:01.2:   bridge window [io  0xf000-0xffff]
Feb 19 12:36:32 arch kernel: pci 0000:00:01.2:   bridge window [mem 0xfce00000-0xfcffffff]
Feb 19 12:36:32 arch kernel: pci 0000:02:08.0: [1022:43ea] type 01 class 0x060400
Feb 19 12:36:32 arch kernel: pci 0000:02:08.0: enabling Extended Tags
Feb 19 12:36:32 arch kernel: pci 0000:02:08.0: PME# supported from D3hot D3cold
Feb 19 12:36:32 arch kernel: pci 0000:01:00.2: PCI bridge to [bus 02-03]
Feb 19 12:36:32 arch kernel: pci 0000:01:00.2:   bridge window [io  0xf000-0xffff]
Feb 19 12:36:32 arch kernel: pci 0000:01:00.2:   bridge window [mem 0xfce00000-0xfcefffff]
Feb 19 12:36:32 arch kernel: pci 0000:03:00.0: [10ec:8125] type 00 class 0x020000
Feb 19 12:36:32 arch kernel: pci 0000:03:00.0: reg 0x10: [io  0xf000-0xf0ff]
Feb 19 12:36:32 arch kernel: pci 0000:03:00.0: reg 0x18: [mem 0xfce00000-0xfce0ffff 64bit]
Feb 19 12:36:32 arch kernel: pci 0000:03:00.0: reg 0x20: [mem 0xfce10000-0xfce13fff 64bit]
Feb 19 12:36:32 arch kernel: pci 0000:03:00.0: supports D1 D2
Feb 19 12:36:32 arch kernel: pci 0000:03:00.0: PME# supported from D0 D1 D2 D3hot D3cold
Feb 19 12:36:32 arch kernel: pci 0000:02:08.0: PCI bridge to [bus 03]
Feb 19 12:36:32 arch kernel: pci 0000:02:08.0:   bridge window [io  0xf000-0xffff]
Feb 19 12:36:32 arch kernel: pci 0000:02:08.0:   bridge window [mem 0xfce00000-0xfcefffff]
Feb 19 12:36:32 arch kernel: pci 0000:04:00.0: [1002:1478] type 01 class 0x060400
Feb 19 12:36:32 arch kernel: pci 0000:04:00.0: reg 0x10: [mem 0xfcd00000-0xfcd03fff]
Feb 19 12:36:32 arch kernel: pci 0000:04:00.0: PME# supported from D0 D3hot D3cold
Feb 19 12:36:32 arch kernel: pci 0000:04:00.0: 126.024 Gb/s available PCIe bandwidth, limited by 16.0 GT/s PCIe x8 link at 0000:00:03.1 (capable of 252.048 Gb/s with 16.0 GT/s PCIe x16 link)
Feb 19 12:36:32 arch kernel: pci 0000:00:03.1: PCI bridge to [bus 04-06]
Feb 19 12:36:32 arch kernel: pci 0000:00:03.1:   bridge window [io  0xe000-0xefff]
Feb 19 12:36:32 arch kernel: pci 0000:00:03.1:   bridge window [mem 0xfcc00000-0xfcdfffff]
Feb 19 12:36:32 arch kernel: pci 0000:00:03.1:   bridge window [mem 0x7c00000000-0x7e0fffffff 64bit pref]
Feb 19 12:36:32 arch kernel: pci 0000:05:00.0: [1002:1479] type 01 class 0x060400
Feb 19 12:36:32 arch kernel: pci 0000:05:00.0: PME# supported from D0 D3hot D3cold
Feb 19 12:36:32 arch kernel: pci 0000:04:00.0: PCI bridge to [bus 05-06]
Feb 19 12:36:32 arch kernel: pci 0000:04:00.0:   bridge window [io  0xe000-0xefff]
Feb 19 12:36:32 arch kernel: pci 0000:04:00.0:   bridge window [mem 0xfcc00000-0xfccfffff]
Feb 19 12:36:32 arch kernel: pci 0000:04:00.0:   bridge window [mem 0x7c00000000-0x7e0fffffff 64bit pref]
Feb 19 12:36:32 arch kernel: pci 0000:06:00.0: [1002:731f] type 00 class 0x030000
Feb 19 12:36:32 arch kernel: pci 0000:06:00.0: reg 0x10: [mem 0x7c00000000-0x7dffffffff 64bit pref]
Feb 19 12:36:32 arch kernel: pci 0000:06:00.0: reg 0x18: [mem 0x7e00000000-0x7e0fffffff 64bit pref]
Feb 19 12:36:32 arch kernel: pci 0000:06:00.0: reg 0x20: [io  0xe000-0xe0ff]
Feb 19 12:36:32 arch kernel: pci 0000:06:00.0: reg 0x24: [mem 0xfcc00000-0xfcc7ffff]
Feb 19 12:36:32 arch kernel: pci 0000:06:00.0: reg 0x30: [mem 0xfcc80000-0xfcc9ffff pref]
Feb 19 12:36:32 arch kernel: pci 0000:06:00.0: BAR 0: assigned to efifb
Feb 19 12:36:32 arch kernel: pci 0000:06:00.0: PME# supported from D1 D2 D3hot D3cold
Feb 19 12:36:32 arch kernel: pci 0000:06:00.0: 126.024 Gb/s available PCIe bandwidth, limited by 16.0 GT/s PCIe x8 link at 0000:00:03.1 (capable of 252.048 Gb/s with 16.0 GT/s PCIe x16 link)
Feb 19 12:36:32 arch kernel: pci 0000:06:00.1: [1002:ab38] type 00 class 0x040300
Feb 19 12:36:32 arch kernel: pci 0000:06:00.1: reg 0x10: [mem 0xfcca0000-0xfcca3fff]
Feb 19 12:36:32 arch kernel: pci 0000:06:00.1: PME# supported from D1 D2 D3hot D3cold
Feb 19 12:36:32 arch kernel: pci 0000:05:00.0: PCI bridge to [bus 06]
Feb 19 12:36:32 arch kernel: pci 0000:05:00.0:   bridge window [io  0xe000-0xefff]
Feb 19 12:36:32 arch kernel: pci 0000:05:00.0:   bridge window [mem 0xfcc00000-0xfccfffff]
Feb 19 12:36:32 arch kernel: pci 0000:05:00.0:   bridge window [mem 0x7c00000000-0x7e0fffffff 64bit pref]
Feb 19 12:36:32 arch kernel: pci 0000:07:00.0: [1022:148a] type 00 class 0x130000
Feb 19 12:36:32 arch kernel: pci 0000:07:00.0: enabling Extended Tags
Feb 19 12:36:32 arch kernel: pci 0000:00:07.1: PCI bridge to [bus 07]
Feb 19 12:36:32 arch kernel: pci 0000:08:00.0: [1022:1485] type 00 class 0x130000
Feb 19 12:36:32 arch kernel: pci 0000:08:00.0: enabling Extended Tags
Feb 19 12:36:32 arch kernel: pci 0000:08:00.1: [1022:1486] type 00 class 0x108000
Feb 19 12:36:32 arch kernel: pci 0000:08:00.1: reg 0x18: [mem 0xfca00000-0xfcafffff]
Feb 19 12:36:32 arch kernel: pci 0000:08:00.1: reg 0x24: [mem 0xfcb08000-0xfcb09fff]
Feb 19 12:36:32 arch kernel: pci 0000:08:00.1: enabling Extended Tags
Feb 19 12:36:32 arch kernel: pci 0000:08:00.3: [1022:149c] type 00 class 0x0c0330
Feb 19 12:36:32 arch kernel: pci 0000:08:00.3: reg 0x10: [mem 0xfc900000-0xfc9fffff 64bit]
Feb 19 12:36:32 arch kernel: pci 0000:08:00.3: enabling Extended Tags
Feb 19 12:36:32 arch kernel: pci 0000:08:00.3: PME# supported from D0 D3hot D3cold
Feb 19 12:36:32 arch kernel: pci 0000:08:00.4: [1022:1487] type 00 class 0x040300
Feb 19 12:36:32 arch kernel: pci 0000:08:00.4: reg 0x10: [mem 0xfcb00000-0xfcb07fff]
Feb 19 12:36:32 arch kernel: pci 0000:08:00.4: enabling Extended Tags
Feb 19 12:36:32 arch kernel: pci 0000:08:00.4: PME# supported from D0 D3hot D3cold
Feb 19 12:36:32 arch kernel: pci 0000:00:08.1: PCI bridge to [bus 08]
Feb 19 12:36:32 arch kernel: pci 0000:00:08.1:   bridge window [mem 0xfc900000-0xfcbfffff]
Feb 19 12:36:32 arch kernel: ACPI: PCI: Interrupt link LNKA configured for IRQ 0
Feb 19 12:36:32 arch kernel: ACPI: PCI: Interrupt link LNKB configured for IRQ 0
Feb 19 12:36:32 arch kernel: ACPI: PCI: Interrupt link LNKC configured for IRQ 0
Feb 19 12:36:32 arch kernel: ACPI: PCI: Interrupt link LNKD configured for IRQ 0
Feb 19 12:36:32 arch kernel: ACPI: PCI: Interrupt link LNKE configured for IRQ 0
Feb 19 12:36:32 arch kernel: ACPI: PCI: Interrupt link LNKF configured for IRQ 0
Feb 19 12:36:32 arch kernel: ACPI: PCI: Interrupt link LNKG configured for IRQ 0
Feb 19 12:36:32 arch kernel: ACPI: PCI: Interrupt link LNKH configured for IRQ 0
Feb 19 12:36:32 arch kernel: iommu: Default domain type: Translated
Feb 19 12:36:32 arch kernel: iommu: DMA domain TLB invalidation policy: lazy mode
Feb 19 12:36:32 arch kernel: pci 0000:06:00.0: vgaarb: VGA device added: decodes=io+mem,owns=none,locks=none
Feb 19 12:36:32 arch kernel: pci 0000:06:00.0: vgaarb: bridge control possible
Feb 19 12:36:32 arch kernel: pci 0000:06:00.0: vgaarb: setting as boot device
Feb 19 12:36:32 arch kernel: vgaarb: loaded
Feb 19 12:36:32 arch kernel: SCSI subsystem initialized
Feb 19 12:36:32 arch kernel: libata version 3.00 loaded.
Feb 19 12:36:32 arch kernel: ACPI: bus type USB registered
Feb 19 12:36:32 arch kernel: usbcore: registered new interface driver usbfs
Feb 19 12:36:32 arch kernel: usbcore: registered new interface driver hub
Feb 19 12:36:32 arch kernel: usbcore: registered new device driver usb
Feb 19 12:36:32 arch kernel: pps_core: LinuxPPS API ver. 1 registered
Feb 19 12:36:32 arch kernel: pps_core: Software ver. 5.3.6 - Copyright 2005-2007 Rodolfo Giometti <giometti@linux.it>
Feb 19 12:36:32 arch kernel: PTP clock support registered
Feb 19 12:36:32 arch kernel: EDAC MC: Ver: 3.0.0
Feb 19 12:36:32 arch kernel: Registered efivars operations
Feb 19 12:36:32 arch kernel: NetLabel: Initializing
Feb 19 12:36:32 arch kernel: NetLabel:  domain hash size = 128
Feb 19 12:36:32 arch kernel: NetLabel:  protocols = UNLABELED CIPSOv4 CALIPSO
Feb 19 12:36:32 arch kernel: NetLabel:  unlabeled traffic allowed by default
Feb 19 12:36:32 arch kernel: mctp: management component transport protocol core
Feb 19 12:36:32 arch kernel: NET: Registered PF_MCTP protocol family
Feb 19 12:36:32 arch kernel: PCI: Using ACPI for IRQ routing
Feb 19 12:36:32 arch kernel: PCI: pci_cache_line_size set to 64 bytes
Feb 19 12:36:32 arch kernel: e820: reserve RAM buffer [mem 0x09bff000-0x0bffffff]
Feb 19 12:36:32 arch kernel: e820: reserve RAM buffer [mem 0x0a200000-0x0bffffff]
Feb 19 12:36:32 arch kernel: e820: reserve RAM buffer [mem 0x0b000000-0x0bffffff]
Feb 19 12:36:32 arch kernel: e820: reserve RAM buffer [mem 0xb6dcf018-0xb7ffffff]
Feb 19 12:36:32 arch kernel: e820: reserve RAM buffer [mem 0xb8523000-0xbbffffff]
Feb 19 12:36:32 arch kernel: e820: reserve RAM buffer [mem 0xb852a000-0xbbffffff]
Feb 19 12:36:32 arch kernel: e820: reserve RAM buffer [mem 0xbbb22000-0xbbffffff]
Feb 19 12:36:32 arch kernel: e820: reserve RAM buffer [mem 0xbf000000-0xbfffffff]
Feb 19 12:36:32 arch kernel: e820: reserve RAM buffer [mem 0x83f380000-0x83fffffff]
Feb 19 12:36:32 arch kernel: hpet0: at MMIO 0xfed00000, IRQs 2, 8, 0
Feb 19 12:36:32 arch kernel: hpet0: 3 comparators, 32-bit 14.318180 MHz counter
Feb 19 12:36:32 arch kernel: clocksource: Switched to clocksource tsc-early
Feb 19 12:36:32 arch kernel: VFS: Disk quotas dquot_6.6.0
Feb 19 12:36:32 arch kernel: VFS: Dquot-cache hash table entries: 512 (order 0, 4096 bytes)
Feb 19 12:36:32 arch kernel: pnp: PnP ACPI init
Feb 19 12:36:32 arch kernel: system 00:00: [mem 0xf0000000-0xf7ffffff] has been reserved
Feb 19 12:36:32 arch kernel: system 00:01: [mem 0xfeb80000-0xfebfffff] has been reserved
Feb 19 12:36:32 arch kernel: system 00:02: [mem 0xfd200000-0xfd2fffff] has been reserved
Feb 19 12:36:32 arch kernel: system 00:04: [io  0x0280-0x028f] has been reserved
Feb 19 12:36:32 arch kernel: system 00:04: [io  0x0290-0x029f] has been reserved
Feb 19 12:36:32 arch kernel: system 00:04: [io  0x02a0-0x02af] has been reserved
Feb 19 12:36:32 arch kernel: system 00:04: [io  0x02b0-0x02bf] has been reserved
Feb 19 12:36:32 arch kernel: system 00:05: [io  0x04d0-0x04d1] has been reserved
Feb 19 12:36:32 arch kernel: system 00:05: [io  0x040b] has been reserved
Feb 19 12:36:32 arch kernel: system 00:05: [io  0x04d6] has been reserved
Feb 19 12:36:32 arch kernel: system 00:05: [io  0x0c00-0x0c01] has been reserved
Feb 19 12:36:32 arch kernel: system 00:05: [io  0x0c14] has been reserved
Feb 19 12:36:32 arch kernel: system 00:05: [io  0x0c50-0x0c51] has been reserved
Feb 19 12:36:32 arch kernel: system 00:05: [io  0x0c52] has been reserved
Feb 19 12:36:32 arch kernel: system 00:05: [io  0x0c6c] has been reserved
Feb 19 12:36:32 arch kernel: system 00:05: [io  0x0c6f] has been reserved
Feb 19 12:36:32 arch kernel: system 00:05: [io  0x0cd8-0x0cdf] has been reserved
Feb 19 12:36:32 arch kernel: system 00:05: [io  0x0800-0x089f] has been reserved
Feb 19 12:36:32 arch kernel: system 00:05: [io  0x0b00-0x0b0f] has been reserved
Feb 19 12:36:32 arch kernel: system 00:05: [io  0x0b20-0x0b3f] has been reserved
Feb 19 12:36:32 arch kernel: system 00:05: [io  0x0900-0x090f] has been reserved
Feb 19 12:36:32 arch kernel: system 00:05: [io  0x0910-0x091f] has been reserved
Feb 19 12:36:32 arch kernel: system 00:05: [mem 0xfec00000-0xfec00fff] could not be reserved
Feb 19 12:36:32 arch kernel: system 00:05: [mem 0xfec01000-0xfec01fff] could not be reserved
Feb 19 12:36:32 arch kernel: system 00:05: [mem 0xfedc0000-0xfedc0fff] has been reserved
Feb 19 12:36:32 arch kernel: system 00:05: [mem 0xfee00000-0xfee00fff] has been reserved
Feb 19 12:36:32 arch kernel: system 00:05: [mem 0xfed80000-0xfed8ffff] could not be reserved
Feb 19 12:36:32 arch kernel: system 00:05: [mem 0xfec10000-0xfec10fff] has been reserved
Feb 19 12:36:32 arch kernel: system 00:05: [mem 0xff000000-0xffffffff] has been reserved
Feb 19 12:36:32 arch kernel: pnp: PnP ACPI: found 6 devices
Feb 19 12:36:32 arch kernel: clocksource: acpi_pm: mask: 0xffffff max_cycles: 0xffffff, max_idle_ns: 2085701024 ns
Feb 19 12:36:32 arch kernel: NET: Registered PF_INET protocol family
Feb 19 12:36:32 arch kernel: IP idents hash table entries: 262144 (order: 9, 2097152 bytes, linear)
Feb 19 12:36:32 arch kernel: tcp_listen_portaddr_hash hash table entries: 16384 (order: 6, 262144 bytes, linear)
Feb 19 12:36:32 arch kernel: TCP established hash table entries: 262144 (order: 9, 2097152 bytes, linear)
Feb 19 12:36:32 arch kernel: TCP bind hash table entries: 65536 (order: 8, 1048576 bytes, linear)
Feb 19 12:36:32 arch kernel: TCP: Hash tables configured (established 262144 bind 65536)
Feb 19 12:36:32 arch kernel: MPTCP token hash table entries: 32768 (order: 7, 786432 bytes, linear)
Feb 19 12:36:32 arch kernel: UDP hash table entries: 16384 (order: 7, 524288 bytes, linear)
Feb 19 12:36:32 arch kernel: UDP-Lite hash table entries: 16384 (order: 7, 524288 bytes, linear)
Feb 19 12:36:32 arch kernel: NET: Registered PF_UNIX/PF_LOCAL protocol family
Feb 19 12:36:32 arch kernel: NET: Registered PF_XDP protocol family
Feb 19 12:36:32 arch kernel: pci 0000:02:08.0: PCI bridge to [bus 03]
Feb 19 12:36:32 arch kernel: pci 0000:02:08.0:   bridge window [io  0xf000-0xffff]
Feb 19 12:36:32 arch kernel: pci 0000:02:08.0:   bridge window [mem 0xfce00000-0xfcefffff]
Feb 19 12:36:32 arch kernel: pci 0000:01:00.2: PCI bridge to [bus 02-03]
Feb 19 12:36:32 arch kernel: pci 0000:01:00.2:   bridge window [io  0xf000-0xffff]
Feb 19 12:36:32 arch kernel: pci 0000:01:00.2:   bridge window [mem 0xfce00000-0xfcefffff]
Feb 19 12:36:32 arch kernel: pci 0000:00:01.2: PCI bridge to [bus 01-03]
Feb 19 12:36:32 arch kernel: pci 0000:00:01.2:   bridge window [io  0xf000-0xffff]
Feb 19 12:36:32 arch kernel: pci 0000:00:01.2:   bridge window [mem 0xfce00000-0xfcffffff]
Feb 19 12:36:32 arch kernel: pci 0000:05:00.0: PCI bridge to [bus 06]
Feb 19 12:36:32 arch kernel: pci 0000:05:00.0:   bridge window [io  0xe000-0xefff]
Feb 19 12:36:32 arch kernel: pci 0000:05:00.0:   bridge window [mem 0xfcc00000-0xfccfffff]
Feb 19 12:36:32 arch kernel: pci 0000:05:00.0:   bridge window [mem 0x7c00000000-0x7e0fffffff 64bit pref]
Feb 19 12:36:32 arch kernel: pci 0000:04:00.0: PCI bridge to [bus 05-06]
Feb 19 12:36:32 arch kernel: pci 0000:04:00.0:   bridge window [io  0xe000-0xefff]
Feb 19 12:36:32 arch kernel: pci 0000:04:00.0:   bridge window [mem 0xfcc00000-0xfccfffff]
Feb 19 12:36:32 arch kernel: pci 0000:04:00.0:   bridge window [mem 0x7c00000000-0x7e0fffffff 64bit pref]
Feb 19 12:36:32 arch kernel: pci 0000:00:03.1: PCI bridge to [bus 04-06]
Feb 19 12:36:32 arch kernel: pci 0000:00:03.1:   bridge window [io  0xe000-0xefff]
Feb 19 12:36:32 arch kernel: pci 0000:00:03.1:   bridge window [mem 0xfcc00000-0xfcdfffff]
Feb 19 12:36:32 arch kernel: pci 0000:00:03.1:   bridge window [mem 0x7c00000000-0x7e0fffffff 64bit pref]
Feb 19 12:36:32 arch kernel: pci 0000:00:07.1: PCI bridge to [bus 07]
Feb 19 12:36:32 arch kernel: pci 0000:00:08.1: PCI bridge to [bus 08]
Feb 19 12:36:32 arch kernel: pci 0000:00:08.1:   bridge window [mem 0xfc900000-0xfcbfffff]
Feb 19 12:36:32 arch kernel: pci_bus 0000:00: resource 4 [io  0x0000-0x03af window]
Feb 19 12:36:32 arch kernel: pci_bus 0000:00: resource 5 [io  0x03e0-0x0cf7 window]
Feb 19 12:36:32 arch kernel: pci_bus 0000:00: resource 6 [io  0x03b0-0x03df window]
Feb 19 12:36:32 arch kernel: pci_bus 0000:00: resource 7 [io  0x0d00-0xffff window]
Feb 19 12:36:32 arch kernel: pci_bus 0000:00: resource 8 [mem 0x000a0000-0x000dffff window]
Feb 19 12:36:32 arch kernel: pci_bus 0000:00: resource 9 [mem 0xc0000000-0xfcffffff window]
Feb 19 12:36:32 arch kernel: pci_bus 0000:00: resource 10 [mem 0x840000000-0x7fffffffff window]
Feb 19 12:36:32 arch kernel: pci_bus 0000:01: resource 0 [io  0xf000-0xffff]
Feb 19 12:36:32 arch kernel: pci_bus 0000:01: resource 1 [mem 0xfce00000-0xfcffffff]
Feb 19 12:36:32 arch kernel: pci_bus 0000:02: resource 0 [io  0xf000-0xffff]
Feb 19 12:36:32 arch kernel: pci_bus 0000:02: resource 1 [mem 0xfce00000-0xfcefffff]
Feb 19 12:36:32 arch kernel: pci_bus 0000:03: resource 0 [io  0xf000-0xffff]
Feb 19 12:36:32 arch kernel: pci_bus 0000:03: resource 1 [mem 0xfce00000-0xfcefffff]
Feb 19 12:36:32 arch kernel: pci_bus 0000:04: resource 0 [io  0xe000-0xefff]
Feb 19 12:36:32 arch kernel: pci_bus 0000:04: resource 1 [mem 0xfcc00000-0xfcdfffff]
Feb 19 12:36:32 arch kernel: pci_bus 0000:04: resource 2 [mem 0x7c00000000-0x7e0fffffff 64bit pref]
Feb 19 12:36:32 arch kernel: pci_bus 0000:05: resource 0 [io  0xe000-0xefff]
Feb 19 12:36:32 arch kernel: pci_bus 0000:05: resource 1 [mem 0xfcc00000-0xfccfffff]
Feb 19 12:36:32 arch kernel: pci_bus 0000:05: resource 2 [mem 0x7c00000000-0x7e0fffffff 64bit pref]
Feb 19 12:36:32 arch kernel: pci_bus 0000:06: resource 0 [io  0xe000-0xefff]
Feb 19 12:36:32 arch kernel: pci_bus 0000:06: resource 1 [mem 0xfcc00000-0xfccfffff]
Feb 19 12:36:32 arch kernel: pci_bus 0000:06: resource 2 [mem 0x7c00000000-0x7e0fffffff 64bit pref]
Feb 19 12:36:32 arch kernel: pci_bus 0000:08: resource 1 [mem 0xfc900000-0xfcbfffff]
Feb 19 12:36:32 arch kernel: pci 0000:06:00.1: D0 power state depends on 0000:06:00.0
Feb 19 12:36:32 arch kernel: PCI: CLS 64 bytes, default 64
Feb 19 12:36:32 arch kernel: PCI-DMA: Using software bounce buffering for IO (SWIOTLB)
Feb 19 12:36:32 arch kernel: software IO TLB: mapped [mem 0x00000000b2dcf000-0x00000000b6dcf000] (64MB)
Feb 19 12:36:32 arch kernel: LVT offset 0 assigned for vector 0x400
Feb 19 12:36:32 arch kernel: Trying to unpack rootfs image as initramfs...
Feb 19 12:36:32 arch kernel: perf: AMD IBS detected (0x000003ff)
Feb 19 12:36:32 arch kernel: Initialise system trusted keyrings
Feb 19 12:36:32 arch kernel: Key type blacklist registered
Feb 19 12:36:32 arch kernel: workingset: timestamp_bits=41 max_order=23 bucket_order=0
Feb 19 12:36:32 arch kernel: zbud: loaded
Feb 19 12:36:32 arch kernel: Key type asymmetric registered
Feb 19 12:36:32 arch kernel: Asymmetric key parser 'x509' registered
Feb 19 12:36:32 arch kernel: Block layer SCSI generic (bsg) driver version 0.4 loaded (major 242)
Feb 19 12:36:32 arch kernel: io scheduler mq-deadline registered
Feb 19 12:36:32 arch kernel: io scheduler kyber registered
Feb 19 12:36:32 arch kernel: io scheduler bfq registered
Feb 19 12:36:32 arch kernel: pcieport 0000:00:01.2: PME: Signaling with IRQ 25
Feb 19 12:36:32 arch kernel: pcieport 0000:00:01.2: AER: enabled with IRQ 25
Feb 19 12:36:32 arch kernel: pcieport 0000:00:03.1: PME: Signaling with IRQ 26
Feb 19 12:36:32 arch kernel: pcieport 0000:00:03.1: AER: enabled with IRQ 26
Feb 19 12:36:32 arch kernel: pcieport 0000:00:07.1: PME: Signaling with IRQ 28
Feb 19 12:36:32 arch kernel: pcieport 0000:00:07.1: AER: enabled with IRQ 28
Feb 19 12:36:32 arch kernel: pcieport 0000:00:08.1: PME: Signaling with IRQ 29
Feb 19 12:36:32 arch kernel: pcieport 0000:00:08.1: AER: enabled with IRQ 29
Feb 19 12:36:32 arch kernel: shpchp: Standard Hot Plug PCI Controller Driver version: 0.4
Feb 19 12:36:32 arch kernel: input: Power Button as /devices/LNXSYSTM:00/LNXSYBUS:00/PNP0C0C:00/input/input0
Feb 19 12:36:32 arch kernel: ACPI: button: Power Button [PWRB]
Feb 19 12:36:32 arch kernel: input: Power Button as /devices/LNXSYSTM:00/LNXPWRBN:00/input/input1
Feb 19 12:36:32 arch kernel: ACPI: button: Power Button [PWRF]
Feb 19 12:36:32 arch kernel: smpboot: Estimated ratio of average max frequency by base frequency (times 1024): 1170
Feb 19 12:36:32 arch kernel: Monitor-Mwait will be used to enter C-1 state
Feb 19 12:36:32 arch kernel: ACPI: \_SB_.PLTF.C000: Found 2 idle states
Feb 19 12:36:32 arch kernel: ACPI: \_SB_.PLTF.C002: Found 2 idle states
Feb 19 12:36:32 arch kernel: ACPI: \_SB_.PLTF.C004: Found 2 idle states
Feb 19 12:36:32 arch kernel: ACPI: \_SB_.PLTF.C006: Found 2 idle states
Feb 19 12:36:32 arch kernel: ACPI: \_SB_.PLTF.C008: Found 2 idle states
Feb 19 12:36:32 arch kernel: ACPI: \_SB_.PLTF.C00A: Found 2 idle states
Feb 19 12:36:32 arch kernel: ACPI: \_SB_.PLTF.C00C: Found 2 idle states
Feb 19 12:36:32 arch kernel: ACPI: \_SB_.PLTF.C00E: Found 2 idle states
Feb 19 12:36:32 arch kernel: ACPI: \_SB_.PLTF.C001: Found 2 idle states
Feb 19 12:36:32 arch kernel: ACPI: \_SB_.PLTF.C003: Found 2 idle states
Feb 19 12:36:32 arch kernel: ACPI: \_SB_.PLTF.C005: Found 2 idle states
Feb 19 12:36:32 arch kernel: ACPI: \_SB_.PLTF.C007: Found 2 idle states
Feb 19 12:36:32 arch kernel: ACPI: \_SB_.PLTF.C009: Found 2 idle states
Feb 19 12:36:32 arch kernel: ACPI: \_SB_.PLTF.C00B: Found 2 idle states
Feb 19 12:36:32 arch kernel: ACPI: \_SB_.PLTF.C00D: Found 2 idle states
Feb 19 12:36:32 arch kernel: ACPI: \_SB_.PLTF.C00F: Found 2 idle states
Feb 19 12:36:32 arch kernel: Serial: 8250/16550 driver, 32 ports, IRQ sharing enabled
Feb 19 12:36:32 arch kernel: Non-volatile memory driver v1.3
Feb 19 12:36:32 arch kernel: Linux agpgart interface v0.103
Feb 19 12:36:32 arch kernel: AMD-Vi: AMD IOMMUv2 functionality not available on this system - This is not a bug.
Feb 19 12:36:32 arch kernel: ACPI: bus type drm_connector registered
Feb 19 12:36:32 arch kernel: ahci 0000:01:00.1: version 3.0
Feb 19 12:36:32 arch kernel: ahci 0000:01:00.1: SSS flag set, parallel bus scan disabled
Feb 19 12:36:32 arch kernel: ahci 0000:01:00.1: AHCI 0001.0301 32 slots 6 ports 6 Gbps 0x3f impl SATA mode
Feb 19 12:36:32 arch kernel: ahci 0000:01:00.1: flags: 64bit ncq sntf stag pm led clo only pmp pio slum part sxs deso sadm sds apst
Feb 19 12:36:32 arch kernel: scsi host0: ahci
Feb 19 12:36:32 arch kernel: scsi host1: ahci
Feb 19 12:36:32 arch kernel: scsi host2: ahci
Feb 19 12:36:32 arch kernel: scsi host3: ahci
Feb 19 12:36:32 arch kernel: scsi host4: ahci
Feb 19 12:36:32 arch kernel: scsi host5: ahci
Feb 19 12:36:32 arch kernel: ata1: SATA max UDMA/133 abar m131072@0xfcf80000 port 0xfcf80100 irq 38
Feb 19 12:36:32 arch kernel: ata2: SATA max UDMA/133 abar m131072@0xfcf80000 port 0xfcf80180 irq 38
Feb 19 12:36:32 arch kernel: ata3: SATA max UDMA/133 abar m131072@0xfcf80000 port 0xfcf80200 irq 38
Feb 19 12:36:32 arch kernel: ata4: SATA max UDMA/133 abar m131072@0xfcf80000 port 0xfcf80280 irq 38
Feb 19 12:36:32 arch kernel: ata5: SATA max UDMA/133 abar m131072@0xfcf80000 port 0xfcf80300 irq 38
Feb 19 12:36:32 arch kernel: ata6: SATA max UDMA/133 abar m131072@0xfcf80000 port 0xfcf80380 irq 38
Feb 19 12:36:32 arch kernel: ehci_hcd: USB 2.0 'Enhanced' Host Controller (EHCI) Driver
Feb 19 12:36:32 arch kernel: ehci-pci: EHCI PCI platform driver
Feb 19 12:36:32 arch kernel: ohci_hcd: USB 1.1 'Open' Host Controller (OHCI) Driver
Feb 19 12:36:32 arch kernel: ohci-pci: OHCI PCI platform driver
Feb 19 12:36:32 arch kernel: uhci_hcd: USB Universal Host Controller Interface driver
Feb 19 12:36:32 arch kernel: usbcore: registered new interface driver usbserial_generic
Feb 19 12:36:32 arch kernel: usbserial: USB Serial support registered for generic
Feb 19 12:36:32 arch kernel: rtc_cmos 00:03: RTC can wake from S4
Feb 19 12:36:32 arch kernel: rtc_cmos 00:03: registered as rtc0
Feb 19 12:36:32 arch kernel: rtc_cmos 00:03: setting system clock to 2022-02-19T17:36:26 UTC (1645292186)
Feb 19 12:36:32 arch kernel: rtc_cmos 00:03: alarms up to one month, y3k, 114 bytes nvram, hpet irqs
Feb 19 12:36:32 arch kernel: ledtrig-cpu: registered to indicate activity on CPUs
Feb 19 12:36:32 arch kernel: efifb: probing for efifb
Feb 19 12:36:32 arch kernel: efifb: framebuffer at 0x7c00000000, using 8100k, total 8100k
Feb 19 12:36:32 arch kernel: efifb: mode is 1920x1080x32, linelength=7680, pages=1
Feb 19 12:36:32 arch kernel: efifb: scrolling: redraw
Feb 19 12:36:32 arch kernel: efifb: Truecolor: size=8:8:8:8, shift=24:16:8:0
Feb 19 12:36:32 arch kernel: fbcon: Deferring console take-over
Feb 19 12:36:32 arch kernel: fb0: EFI VGA frame buffer device
Feb 19 12:36:32 arch kernel: hid: raw HID events driver (C) Jiri Kosina
Feb 19 12:36:32 arch kernel: drop_monitor: Initializing network drop monitor service
Feb 19 12:36:32 arch kernel: Initializing XFRM netlink socket
Feb 19 12:36:32 arch kernel: NET: Registered PF_INET6 protocol family
Feb 19 12:36:32 arch kernel: Freeing initrd memory: 9348K
Feb 19 12:36:32 arch kernel: Segment Routing with IPv6
Feb 19 12:36:32 arch kernel: RPL Segment Routing with IPv6
Feb 19 12:36:32 arch kernel: In-situ OAM (IOAM) with IPv6
Feb 19 12:36:32 arch kernel: NET: Registered PF_PACKET protocol family
Feb 19 12:36:32 arch kernel: microcode: CPU0: patch_level=0x08701021
Feb 19 12:36:32 arch kernel: microcode: CPU1: patch_level=0x08701021
Feb 19 12:36:32 arch kernel: microcode: CPU2: patch_level=0x08701021
Feb 19 12:36:32 arch kernel: microcode: CPU3: patch_level=0x08701021
Feb 19 12:36:32 arch kernel: microcode: CPU4: patch_level=0x08701021
Feb 19 12:36:32 arch kernel: microcode: CPU5: patch_level=0x08701021
Feb 19 12:36:32 arch kernel: microcode: CPU6: patch_level=0x08701021
Feb 19 12:36:32 arch kernel: microcode: CPU7: patch_level=0x08701021
Feb 19 12:36:32 arch kernel: microcode: CPU8: patch_level=0x08701021
Feb 19 12:36:32 arch kernel: microcode: CPU9: patch_level=0x08701021
Feb 19 12:36:32 arch kernel: microcode: CPU10: patch_level=0x08701021
Feb 19 12:36:32 arch kernel: microcode: CPU11: patch_level=0x08701021
Feb 19 12:36:32 arch kernel: microcode: CPU12: patch_level=0x08701021
Feb 19 12:36:32 arch kernel: microcode: CPU13: patch_level=0x08701021
Feb 19 12:36:32 arch kernel: microcode: CPU14: patch_level=0x08701021
Feb 19 12:36:32 arch kernel: microcode: CPU15: patch_level=0x08701021
Feb 19 12:36:32 arch kernel: microcode: Microcode Update Driver: v2.2.
Feb 19 12:36:32 arch kernel: resctrl: L3 allocation detected
Feb 19 12:36:32 arch kernel: resctrl: MB allocation detected
Feb 19 12:36:32 arch kernel: resctrl: L3 monitoring detected
Feb 19 12:36:32 arch kernel: IPI shorthand broadcast: enabled
Feb 19 12:36:32 arch kernel: sched_clock: Marking stable (344637616, 330457)->(348227796, -3259723)
Feb 19 12:36:32 arch kernel: registered taskstats version 1
Feb 19 12:36:32 arch kernel: Loading compiled-in X.509 certificates
Feb 19 12:36:32 arch kernel: Loaded X.509 cert 'Build time autogenerated kernel key: ece77750479a9fc6e611f250654da49bb240e1da'
Feb 19 12:36:32 arch kernel: zswap: loaded using pool lz4/z3fold
Feb 19 12:36:32 arch kernel: Key type ._fscrypt registered
Feb 19 12:36:32 arch kernel: Key type .fscrypt registered
Feb 19 12:36:32 arch kernel: Key type fscrypt-provisioning registered
Feb 19 12:36:32 arch kernel: PM:   Magic number: 10:786:643
Feb 19 12:36:32 arch kernel: RAS: Correctable Errors collector initialized.
Feb 19 12:36:32 arch kernel: ata1: SATA link up 6.0 Gbps (SStatus 133 SControl 300)
Feb 19 12:36:32 arch kernel: ata1.00: supports DRM functions and may not be fully accessible
Feb 19 12:36:32 arch kernel: ata1.00: ATA-10: CT1000MX500SSD1, M3CR032, max UDMA/133
Feb 19 12:36:32 arch kernel: ata1.00: 1953525168 sectors, multi 1: LBA48 NCQ (depth 32), AA
Feb 19 12:36:32 arch kernel: ata1.00: Features: Trust Dev-Sleep
Feb 19 12:36:32 arch kernel: ata1.00: supports DRM functions and may not be fully accessible
Feb 19 12:36:32 arch kernel: ata1.00: configured for UDMA/133
Feb 19 12:36:32 arch kernel: scsi 0:0:0:0: Direct-Access     ATA      CT1000MX500SSD1  032  PQ: 0 ANSI: 5
Feb 19 12:36:32 arch kernel: sd 0:0:0:0: [sda] 1953525168 512-byte logical blocks: (1.00 TB/932 GiB)
Feb 19 12:36:32 arch kernel: sd 0:0:0:0: [sda] Write Protect is off
Feb 19 12:36:32 arch kernel: sd 0:0:0:0: [sda] Mode Sense: 00 3a 00 00
Feb 19 12:36:32 arch kernel: sd 0:0:0:0: [sda] Write cache: enabled, read cache: enabled, doesn't support DPO or FUA
Feb 19 12:36:32 arch kernel:  sda: sda1 sda2 sda3
Feb 19 12:36:32 arch kernel: sd 0:0:0:0: [sda] supports TCG Opal
Feb 19 12:36:32 arch kernel: sd 0:0:0:0: [sda] Attached SCSI disk
Feb 19 12:36:32 arch kernel: ata2: SATA link up 6.0 Gbps (SStatus 133 SControl 300)
Feb 19 12:36:32 arch kernel: ata2.00: supports DRM functions and may not be fully accessible
Feb 19 12:36:32 arch kernel: ata2.00: ATA-10: CT1000MX500SSD1, M3CR033, max UDMA/133
Feb 19 12:36:32 arch kernel: ata2.00: 1953525168 sectors, multi 1: LBA48 NCQ (depth 32), AA
Feb 19 12:36:32 arch kernel: ata2.00: Features: Trust Dev-Sleep
Feb 19 12:36:32 arch kernel: ata2.00: supports DRM functions and may not be fully accessible
Feb 19 12:36:32 arch kernel: ata2.00: configured for UDMA/133
Feb 19 12:36:32 arch kernel: scsi 1:0:0:0: Direct-Access     ATA      CT1000MX500SSD1  033  PQ: 0 ANSI: 5
Feb 19 12:36:32 arch kernel: sd 1:0:0:0: [sdb] 1953525168 512-byte logical blocks: (1.00 TB/932 GiB)
Feb 19 12:36:32 arch kernel: sd 1:0:0:0: [sdb] Write Protect is off
Feb 19 12:36:32 arch kernel: sd 1:0:0:0: [sdb] Mode Sense: 00 3a 00 00
Feb 19 12:36:32 arch kernel: sd 1:0:0:0: [sdb] Write cache: enabled, read cache: enabled, doesn't support DPO or FUA
Feb 19 12:36:32 arch kernel: tsc: Refined TSC clocksource calibration: 3600.000 MHz
Feb 19 12:36:32 arch kernel: clocksource: tsc: mask: 0xffffffffffffffff max_cycles: 0x33e452fbb2f, max_idle_ns: 440795236593 ns
Feb 19 12:36:32 arch kernel: clocksource: Switched to clocksource tsc
Feb 19 12:36:32 arch kernel:  sdb: sdb1 sdb2 sdb3
Feb 19 12:36:32 arch kernel: sd 1:0:0:0: [sdb] supports TCG Opal
Feb 19 12:36:32 arch kernel: sd 1:0:0:0: [sdb] Attached SCSI disk
Feb 19 12:36:32 arch kernel: ata3: SATA link up 6.0 Gbps (SStatus 133 SControl 300)
Feb 19 12:36:32 arch kernel: ata3.00: supports DRM functions and may not be fully accessible
Feb 19 12:36:32 arch kernel: ata3.00: ATA-10: CT1000MX500SSD1, M3CR032, max UDMA/133
Feb 19 12:36:32 arch kernel: ata3.00: 1953525168 sectors, multi 1: LBA48 NCQ (depth 32), AA
Feb 19 12:36:32 arch kernel: ata3.00: Features: Trust Dev-Sleep
Feb 19 12:36:32 arch kernel: ata3.00: supports DRM functions and may not be fully accessible
Feb 19 12:36:32 arch kernel: ata3.00: configured for UDMA/133
Feb 19 12:36:32 arch kernel: scsi 2:0:0:0: Direct-Access     ATA      CT1000MX500SSD1  032  PQ: 0 ANSI: 5
Feb 19 12:36:32 arch kernel: sd 2:0:0:0: [sdc] 1953525168 512-byte logical blocks: (1.00 TB/932 GiB)
Feb 19 12:36:32 arch kernel: sd 2:0:0:0: [sdc] Write Protect is off
Feb 19 12:36:32 arch kernel: sd 2:0:0:0: [sdc] Mode Sense: 00 3a 00 00
Feb 19 12:36:32 arch kernel: sd 2:0:0:0: [sdc] Write cache: enabled, read cache: enabled, doesn't support DPO or FUA
Feb 19 12:36:32 arch kernel:  sdc: sdc1 sdc2 sdc3
Feb 19 12:36:32 arch kernel: sd 2:0:0:0: [sdc] supports TCG Opal
Feb 19 12:36:32 arch kernel: sd 2:0:0:0: [sdc] Attached SCSI disk
Feb 19 12:36:32 arch kernel: ata4: SATA link up 6.0 Gbps (SStatus 133 SControl 300)
Feb 19 12:36:32 arch kernel: ata4.00: supports DRM functions and may not be fully accessible
Feb 19 12:36:32 arch kernel: ata4.00: ATA-10: CT1000MX500SSD1, M3CR033, max UDMA/133
Feb 19 12:36:32 arch kernel: ata4.00: 1953525168 sectors, multi 1: LBA48 NCQ (depth 32), AA
Feb 19 12:36:32 arch kernel: ata4.00: Features: Trust Dev-Sleep
Feb 19 12:36:32 arch kernel: ata4.00: supports DRM functions and may not be fully accessible
Feb 19 12:36:32 arch kernel: ata4.00: configured for UDMA/133
Feb 19 12:36:32 arch kernel: scsi 3:0:0:0: Direct-Access     ATA      CT1000MX500SSD1  033  PQ: 0 ANSI: 5
Feb 19 12:36:32 arch kernel: sd 3:0:0:0: [sdd] 1953525168 512-byte logical blocks: (1.00 TB/932 GiB)
Feb 19 12:36:32 arch kernel: sd 3:0:0:0: [sdd] Write Protect is off
Feb 19 12:36:32 arch kernel: sd 3:0:0:0: [sdd] Mode Sense: 00 3a 00 00
Feb 19 12:36:32 arch kernel: sd 3:0:0:0: [sdd] Write cache: enabled, read cache: enabled, doesn't support DPO or FUA
Feb 19 12:36:32 arch kernel:  sdd: sdd1 sdd2 sdd3
Feb 19 12:36:32 arch kernel: sd 3:0:0:0: [sdd] supports TCG Opal
Feb 19 12:36:32 arch kernel: sd 3:0:0:0: [sdd] Attached SCSI disk
Feb 19 12:36:32 arch kernel: ata5: SATA link up 6.0 Gbps (SStatus 133 SControl 300)
Feb 19 12:36:32 arch kernel: ata5.00: ATA-9: SanDisk X400 M.2 2280 128GB, X4152012, max UDMA/133
Feb 19 12:36:32 arch kernel: ata5.00: 250069680 sectors, multi 1: LBA48 NCQ (depth 32), AA
Feb 19 12:36:32 arch kernel: ata5.00: Features: Dev-Sleep
Feb 19 12:36:32 arch kernel: ata5.00: configured for UDMA/133
Feb 19 12:36:32 arch kernel: scsi 4:0:0:0: Direct-Access     ATA      SanDisk X400 M.2 2012 PQ: 0 ANSI: 5
Feb 19 12:36:32 arch kernel: sd 4:0:0:0: [sde] 250069680 512-byte logical blocks: (128 GB/119 GiB)
Feb 19 12:36:32 arch kernel: sd 4:0:0:0: [sde] Write Protect is off
Feb 19 12:36:32 arch kernel: sd 4:0:0:0: [sde] Mode Sense: 00 3a 00 00
Feb 19 12:36:32 arch kernel: sd 4:0:0:0: [sde] Write cache: enabled, read cache: enabled, doesn't support DPO or FUA
Feb 19 12:36:32 arch kernel:  sde: sde1 sde2 sde3 sde4
Feb 19 12:36:32 arch kernel: sd 4:0:0:0: [sde] Attached SCSI disk
Feb 19 12:36:32 arch kernel: ata6: SATA link down (SStatus 0 SControl 330)
Feb 19 12:36:32 arch kernel: Freeing unused decrypted memory: 2036K
Feb 19 12:36:32 arch kernel: Freeing unused kernel image (initmem) memory: 1784K
Feb 19 12:36:32 arch kernel: Write protecting the kernel read-only data: 28672k
Feb 19 12:36:32 arch kernel: Freeing unused kernel image (text/rodata gap) memory: 2036K
Feb 19 12:36:32 arch kernel: Freeing unused kernel image (rodata/data gap) memory: 1352K
Feb 19 12:36:32 arch kernel: x86/mm: Checked W+X mappings: passed, no W+X pages found.
Feb 19 12:36:32 arch kernel: rodata_test: all tests were successful
Feb 19 12:36:32 arch kernel: Run /init as init process
Feb 19 12:36:32 arch kernel:   with arguments:
Feb 19 12:36:32 arch kernel:     /init
Feb 19 12:36:32 arch kernel:   with environment:
Feb 19 12:36:32 arch kernel:     HOME=/
Feb 19 12:36:32 arch kernel:     TERM=linux
Feb 19 12:36:32 arch kernel:     rcu_nocbs=0-15
Feb 19 12:36:32 arch kernel: fbcon: Taking over console
Feb 19 12:36:32 arch kernel: Console: switching to colour frame buffer device 240x67
Feb 19 12:36:32 arch kernel: raid6: skip pq benchmark and using algorithm avx2x4
Feb 19 12:36:32 arch kernel: raid6: using avx2x2 recovery algorithm
Feb 19 12:36:32 arch kernel: xor: automatically using best checksumming function   avx
Feb 19 12:36:32 arch kernel: Btrfs loaded, crc32c=crc32c-intel, zoned=yes, fsverity=yes
Feb 19 12:36:32 arch kernel: xhci_hcd 0000:01:00.0: xHCI Host Controller
Feb 19 12:36:32 arch kernel: xhci_hcd 0000:01:00.0: new USB bus registered, assigned bus number 1
Feb 19 12:36:32 arch kernel: random: fast init done
Feb 19 12:36:32 arch kernel: xhci_hcd 0000:01:00.0: hcc params 0x0200ef81 hci version 0x110 quirks 0x0000000000000410
Feb 19 12:36:32 arch kernel: usb usb1: New USB device found, idVendor=1d6b, idProduct=0002, bcdDevice= 5.16
Feb 19 12:36:32 arch kernel: usb usb1: New USB device strings: Mfr=3, Product=2, SerialNumber=1
Feb 19 12:36:32 arch kernel: usb usb1: Product: xHCI Host Controller
Feb 19 12:36:32 arch kernel: usb usb1: Manufacturer: Linux 5.16.10-arch1-1 xhci-hcd
Feb 19 12:36:32 arch kernel: usb usb1: SerialNumber: 0000:01:00.0
Feb 19 12:36:32 arch kernel: hub 1-0:1.0: USB hub found
Feb 19 12:36:32 arch kernel: hub 1-0:1.0: 10 ports detected
Feb 19 12:36:32 arch kernel: xhci_hcd 0000:01:00.0: xHCI Host Controller
Feb 19 12:36:32 arch kernel: xhci_hcd 0000:01:00.0: new USB bus registered, assigned bus number 2
Feb 19 12:36:32 arch kernel: xhci_hcd 0000:01:00.0: Host supports USB 3.1 Enhanced SuperSpeed
Feb 19 12:36:32 arch kernel: usb usb2: We don't know the algorithms for LPM for this host, disabling LPM.
Feb 19 12:36:32 arch kernel: usb usb2: New USB device found, idVendor=1d6b, idProduct=0003, bcdDevice= 5.16
Feb 19 12:36:32 arch kernel: usb usb2: New USB device strings: Mfr=3, Product=2, SerialNumber=1
Feb 19 12:36:32 arch kernel: usb usb2: Product: xHCI Host Controller
Feb 19 12:36:32 arch kernel: usb usb2: Manufacturer: Linux 5.16.10-arch1-1 xhci-hcd
Feb 19 12:36:32 arch kernel: usb usb2: SerialNumber: 0000:01:00.0
Feb 19 12:36:32 arch kernel: hub 2-0:1.0: USB hub found
Feb 19 12:36:32 arch kernel: hub 2-0:1.0: 4 ports detected
Feb 19 12:36:32 arch kernel: xhci_hcd 0000:08:00.3: xHCI Host Controller
Feb 19 12:36:32 arch kernel: xhci_hcd 0000:08:00.3: new USB bus registered, assigned bus number 3
Feb 19 12:36:32 arch kernel: xhci_hcd 0000:08:00.3: hcc params 0x0278ffe5 hci version 0x110 quirks 0x0000000000000410
Feb 19 12:36:32 arch kernel: usb usb3: New USB device found, idVendor=1d6b, idProduct=0002, bcdDevice= 5.16
Feb 19 12:36:32 arch kernel: usb usb3: New USB device strings: Mfr=3, Product=2, SerialNumber=1
Feb 19 12:36:32 arch kernel: usb usb3: Product: xHCI Host Controller
Feb 19 12:36:32 arch kernel: usb usb3: Manufacturer: Linux 5.16.10-arch1-1 xhci-hcd
Feb 19 12:36:32 arch kernel: usb usb3: SerialNumber: 0000:08:00.3
Feb 19 12:36:32 arch kernel: hub 3-0:1.0: USB hub found
Feb 19 12:36:32 arch kernel: hub 3-0:1.0: 4 ports detected
Feb 19 12:36:32 arch kernel: xhci_hcd 0000:08:00.3: xHCI Host Controller
Feb 19 12:36:32 arch kernel: xhci_hcd 0000:08:00.3: new USB bus registered, assigned bus number 4
Feb 19 12:36:32 arch kernel: xhci_hcd 0000:08:00.3: Host supports USB 3.1 Enhanced SuperSpeed
Feb 19 12:36:32 arch kernel: usb usb4: We don't know the algorithms for LPM for this host, disabling LPM.
Feb 19 12:36:32 arch kernel: usb usb4: New USB device found, idVendor=1d6b, idProduct=0003, bcdDevice= 5.16
Feb 19 12:36:32 arch kernel: usb usb4: New USB device strings: Mfr=3, Product=2, SerialNumber=1
Feb 19 12:36:32 arch kernel: usb usb4: Product: xHCI Host Controller
Feb 19 12:36:32 arch kernel: usb usb4: Manufacturer: Linux 5.16.10-arch1-1 xhci-hcd
Feb 19 12:36:32 arch kernel: usb usb4: SerialNumber: 0000:08:00.3
Feb 19 12:36:32 arch kernel: hub 4-0:1.0: USB hub found
Feb 19 12:36:32 arch kernel: hub 4-0:1.0: 4 ports detected
Feb 19 12:36:32 arch kernel: BTRFS: device fsid 6ff1b144-cb9b-4c2a-83b8-08dc366f7104 devid 1 transid 7393 /dev/sde4 scanned by systemd-udevd (319)
Feb 19 12:36:32 arch kernel: BTRFS info (device sde4): flagging fs with big metadata feature
Feb 19 12:36:32 arch kernel: BTRFS info (device sde4): using free space tree
Feb 19 12:36:32 arch kernel: BTRFS info (device sde4): has skinny extents
Feb 19 12:36:32 arch kernel: BTRFS info (device sde4): enabling ssd optimizations
Feb 19 12:36:32 arch kernel: BTRFS info (device sde4): start tree-log replay
Feb 19 12:36:32 arch kernel: usb 3-1: new full-speed USB device number 2 using xhci_hcd
Feb 19 12:36:32 arch systemd[1]: systemd 250.3-4-arch running in system mode (+PAM +AUDIT -SELINUX -APPARMOR -IMA +SMACK +SECCOMP +GCRYPT +GNUTLS +OPENSSL +ACL +BLKID +CURL +ELFUTILS +FIDO2 +IDN2 -IDN +IPTC +KMOD +LIBCRYPTSETUP +LIBFDISK +PCRE2 -PWQUALITY +P11KIT -QRENCODE +BZIP2 +LZ4 +XZ +ZLIB +ZSTD -BPF_FRAMEWORK +XKBCOMMON +UTMP -SYSVINIT default-hierarchy=unified)
Feb 19 12:36:32 arch systemd[1]: Detected architecture x86-64.
Feb 19 12:36:32 arch systemd[1]: Hostname set to <arch>.
Feb 19 12:36:32 arch kernel: random: zram-generator: uninitialized urandom read (16 bytes read)
Feb 19 12:36:32 arch kernel: usb 1-3: new full-speed USB device number 2 using xhci_hcd
Feb 19 12:36:32 arch kernel: usb 3-1: New USB device found, idVendor=0416, idProduct=0123, bcdDevice= 0.00
Feb 19 12:36:32 arch kernel: usb 3-1: New USB device strings: Mfr=1, Product=2, SerialNumber=3
Feb 19 12:36:32 arch kernel: usb 3-1: Product: Ducky One2 SF RGB
Feb 19 12:36:32 arch kernel: usb 3-1: Manufacturer: Ducky
Feb 19 12:36:32 arch kernel: usb 3-1: SerialNumber: DK-V1.07-201006
Feb 19 12:36:32 arch kernel: usb 3-3: new high-speed USB device number 3 using xhci_hcd
Feb 19 12:36:32 arch kernel: usb 3-3: New USB device found, idVendor=1235, idProduct=8211, bcdDevice= 6.45
Feb 19 12:36:32 arch kernel: usb 3-3: New USB device strings: Mfr=1, Product=3, SerialNumber=2
Feb 19 12:36:32 arch kernel: usb 3-3: Product: Scarlett Solo USB
Feb 19 12:36:32 arch kernel: usb 3-3: Manufacturer: Focusrite
Feb 19 12:36:32 arch kernel: usb 3-3: SerialNumber: Y7PN73D09A51DD
Feb 19 12:36:32 arch kernel: usb 1-3: New USB device found, idVendor=046d, idProduct=c547, bcdDevice= 4.00
Feb 19 12:36:32 arch kernel: usb 1-3: New USB device strings: Mfr=1, Product=2, SerialNumber=0
Feb 19 12:36:32 arch kernel: usb 1-3: Product: USB Receiver
Feb 19 12:36:32 arch kernel: usb 1-3: Manufacturer: Logitech
Feb 19 12:36:32 arch kernel: usb 1-7: new high-speed USB device number 3 using xhci_hcd
Feb 19 12:36:32 arch kernel: usb 1-7: New USB device found, idVendor=05e3, idProduct=0610, bcdDevice=60.60
Feb 19 12:36:32 arch kernel: usb 1-7: New USB device strings: Mfr=0, Product=1, SerialNumber=0
Feb 19 12:36:32 arch kernel: usb 1-7: Product: USB2.0 Hub
Feb 19 12:36:32 arch kernel: hub 1-7:1.0: USB hub found
Feb 19 12:36:32 arch kernel: hub 1-7:1.0: 4 ports detected
Feb 19 12:36:32 arch kernel: usb 1-8: new high-speed USB device number 4 using xhci_hcd
Feb 19 12:36:32 arch kernel: usb 1-8: New USB device found, idVendor=041e, idProduct=3256, bcdDevice=20.00
Feb 19 12:36:32 arch kernel: usb 1-8: New USB device strings: Mfr=1, Product=2, SerialNumber=11
Feb 19 12:36:32 arch kernel: usb 1-8: Product: Sound BlasterX G6
Feb 19 12:36:32 arch kernel: usb 1-8: Manufacturer: Creative Technology Ltd
Feb 19 12:36:32 arch kernel: usb 1-8: SerialNumber: 13006A4764X
Feb 19 12:36:32 arch kernel: usb 1-7.4: new full-speed USB device number 5 using xhci_hcd
Feb 19 12:36:32 arch kernel: usb 1-10: new full-speed USB device number 6 using xhci_hcd
Feb 19 12:36:32 arch kernel: usb 1-7.4: New USB device found, idVendor=045e, idProduct=028e, bcdDevice= 1.14
Feb 19 12:36:32 arch kernel: usb 1-7.4: New USB device strings: Mfr=1, Product=2, SerialNumber=3
Feb 19 12:36:32 arch kernel: usb 1-7.4: Product: Controller
Feb 19 12:36:32 arch kernel: usb 1-7.4: Manufacturer: 8Bitdo SF30 Pro
Feb 19 12:36:32 arch kernel: usb 1-7.4: SerialNumber: 157F8F8
Feb 19 12:36:32 arch kernel: usb 1-10: New USB device found, idVendor=26ce, idProduct=01a2, bcdDevice= 0.00
Feb 19 12:36:32 arch kernel: usb 1-10: New USB device strings: Mfr=1, Product=2, SerialNumber=3
Feb 19 12:36:32 arch kernel: usb 1-10: Product: LED Controller
Feb 19 12:36:32 arch kernel: usb 1-10: Manufacturer: ASRock
Feb 19 12:36:32 arch kernel: usb 1-10: SerialNumber: A02019100900
Feb 19 12:36:32 arch kernel: random: crng init done
Feb 19 12:36:32 arch kernel: zram: Added device: zram0
Feb 19 12:36:32 arch systemd[1]: Queued start job for default target Graphical Interface.
Feb 19 12:36:32 arch systemd[1]: Created slice Slice /system/getty.
Feb 19 12:36:32 arch systemd[1]: Created slice Slice /system/modprobe.
Feb 19 12:36:32 arch systemd[1]: Created slice Slice /system/systemd-fsck.
Feb 19 12:36:32 arch systemd[1]: Created slice Slice /system/systemd-zram-setup.
Feb 19 12:36:32 arch systemd[1]: Created slice User and Session Slice.
Feb 19 12:36:32 arch systemd[1]: Started Dispatch Password Requests to Console Directory Watch.
Feb 19 12:36:32 arch systemd[1]: Started Forward Password Requests to Wall Directory Watch.
Feb 19 12:36:32 arch systemd[1]: Set up automount Arbitrary Executable File Formats File System Automount Point.
Feb 19 12:36:32 arch systemd[1]: Reached target Local Encrypted Volumes.
Feb 19 12:36:32 arch systemd[1]: Reached target Login Prompts.
Feb 19 12:36:32 arch systemd[1]: Reached target Local Integrity Protected Volumes.
Feb 19 12:36:32 arch systemd[1]: Reached target Path Units.
Feb 19 12:36:32 arch systemd[1]: Reached target Remote File Systems.
Feb 19 12:36:32 arch systemd[1]: Reached target Slice Units.
Feb 19 12:36:32 arch systemd[1]: Reached target Local Verity Protected Volumes.
Feb 19 12:36:32 arch systemd[1]: Listening on Device-mapper event daemon FIFOs.
Feb 19 12:36:32 arch systemd[1]: Listening on LVM2 poll daemon socket.
Feb 19 12:36:32 arch systemd[1]: Listening on Process Core Dump Socket.
Feb 19 12:36:32 arch systemd[1]: Listening on Journal Audit Socket.
Feb 19 12:36:32 arch systemd[1]: Listening on Journal Socket (/dev/log).
Feb 19 12:36:32 arch systemd[1]: Listening on Journal Socket.
Feb 19 12:36:32 arch systemd[1]: Listening on Network Service Netlink Socket.
Feb 19 12:36:32 arch systemd[1]: Listening on udev Control Socket.
Feb 19 12:36:32 arch systemd[1]: Listening on udev Kernel Socket.
Feb 19 12:36:32 arch systemd[1]: Mounting Huge Pages File System...
Feb 19 12:36:32 arch systemd[1]: Mounting POSIX Message Queue File System...
Feb 19 12:36:32 arch systemd[1]: Mounting Kernel Debug File System...
Feb 19 12:36:32 arch systemd[1]: Mounting Kernel Trace File System...
Feb 19 12:36:32 arch systemd[1]: Starting Create List of Static Device Nodes...
Feb 19 12:36:32 arch systemd[1]: Started Windows Dynamic Disk Mount.
Feb 19 12:36:32 arch systemd[1]: Starting Monitoring of LVM2 mirrors, snapshots etc. using dmeventd or progress polling...
Feb 19 12:36:32 arch systemd[1]: Starting Load Kernel Module configfs...
Feb 19 12:36:32 arch systemd[1]: Starting Load Kernel Module drm...
Feb 19 12:36:32 arch systemd[1]: Starting Load Kernel Module fuse...
Feb 19 12:36:32 arch systemd[1]: Starting Journal Service...
Feb 19 12:36:32 arch systemd[1]: Starting Load Kernel Modules...
Feb 19 12:36:32 arch systemd[1]: Starting Generate network units from Kernel command line...
Feb 19 12:36:32 arch systemd[1]: Starting Remount Root and Kernel File Systems...
Feb 19 12:36:32 arch systemd[1]: Repartition Root Disk was skipped because all trigger condition checks failed.
Feb 19 12:36:32 arch systemd[1]: Starting Coldplug All udev Devices...
Feb 19 12:36:32 arch systemd[1]: Mounted Huge Pages File System.
Feb 19 12:36:32 arch systemd[1]: Mounted POSIX Message Queue File System.
Feb 19 12:36:32 arch systemd[1]: Mounted Kernel Debug File System.
Feb 19 12:36:32 arch systemd[1]: Mounted Kernel Trace File System.
Feb 19 12:36:32 arch systemd[1]: Finished Create List of Static Device Nodes.
Feb 19 12:36:32 arch systemd[1]: modprobe@configfs.service: Deactivated successfully.
Feb 19 12:36:32 arch systemd[1]: Finished Load Kernel Module configfs.
Feb 19 12:36:32 arch systemd[1]: modprobe@drm.service: Deactivated successfully.
Feb 19 12:36:32 arch systemd[1]: Finished Load Kernel Module drm.
Feb 19 12:36:32 arch systemd[1]: Mounting Kernel Configuration File System...
Feb 19 12:36:32 arch systemd[1]: Mounted Kernel Configuration File System.
Feb 19 12:36:32 arch systemd[1]: Finished Generate network units from Kernel command line.
Feb 19 12:36:32 arch systemd[1]: Reached target Preparation for Network.
Feb 19 12:36:32 arch kernel: BTRFS info (device sde4): using free space tree
Feb 19 12:36:32 arch kernel: fuse: init (API version 7.35)
Feb 19 12:36:32 arch systemd[1]: modprobe@fuse.service: Deactivated successfully.
Feb 19 12:36:32 arch systemd[1]: Finished Load Kernel Module fuse.
Feb 19 12:36:32 arch kernel: audit: type=1130 audit(1645292192.044:2): pid=1 uid=0 auid=4294967295 ses=4294967295 msg='unit=modprobe@fuse comm="systemd" exe="/usr/lib/systemd/systemd" hostname=? addr=? terminal=? res=success'
Feb 19 12:36:32 arch kernel: audit: type=1131 audit(1645292192.044:3): pid=1 uid=0 auid=4294967295 ses=4294967295 msg='unit=modprobe@fuse comm="systemd" exe="/usr/lib/systemd/systemd" hostname=? addr=? terminal=? res=success'
Feb 19 12:36:32 arch systemd[1]: Mounting FUSE Control File System...
Feb 19 12:36:32 arch systemd[1]: Mounted FUSE Control File System.
Feb 19 12:36:32 arch kernel: Asymmetric key parser 'pkcs8' registered
Feb 19 12:36:32 arch systemd[1]: Finished Load Kernel Modules.
Feb 19 12:36:32 arch kernel: audit: type=1130 audit(1645292192.051:4): pid=1 uid=0 auid=4294967295 ses=4294967295 msg='unit=systemd-modules-load comm="systemd" exe="/usr/lib/systemd/systemd" hostname=? addr=? terminal=? res=success'
Feb 19 12:36:32 arch systemd[1]: Starting Apply Kernel Variables...
Feb 19 12:36:32 arch systemd[1]: Finished Apply Kernel Variables.
Feb 19 12:36:32 arch kernel: audit: type=1130 audit(1645292192.057:5): pid=1 uid=0 auid=4294967295 ses=4294967295 msg='unit=systemd-sysctl comm="systemd" exe="/usr/lib/systemd/systemd" hostname=? addr=? terminal=? res=success'
Feb 19 12:36:32 arch systemd[1]: Finished Remount Root and Kernel File Systems.
Feb 19 12:36:32 arch kernel: audit: type=1130 audit(1645292192.057:6): pid=1 uid=0 auid=4294967295 ses=4294967295 msg='unit=systemd-remount-fs comm="systemd" exe="/usr/lib/systemd/systemd" hostname=? addr=? terminal=? res=success'
Feb 19 12:36:32 arch systemd[1]: First Boot Wizard was skipped because of a failed condition check (ConditionFirstBoot=yes).
Feb 19 12:36:32 arch systemd[1]: Rebuild Hardware Database was skipped because all trigger condition checks failed.
Feb 19 12:36:32 arch systemd[1]: Starting Load/Save Random Seed...
Feb 19 12:36:32 arch systemd[1]: Starting Create System Users...
Feb 19 12:36:32 arch systemd-journald[385]: Journal started
Feb 19 12:36:32 arch systemd-journald[385]: Runtime Journal (/run/log/journal/a88da18ad391406c9b43ed784ab38f30) is 8.0M, max 1.5G, 1.5G free.
Feb 19 12:36:32 arch audit[1]: SERVICE_START pid=1 uid=0 auid=4294967295 ses=4294967295 msg='unit=modprobe@fuse comm="systemd" exe="/usr/lib/systemd/systemd" hostname=? addr=? terminal=? res=success'
Feb 19 12:36:32 arch audit[1]: SERVICE_STOP pid=1 uid=0 auid=4294967295 ses=4294967295 msg='unit=modprobe@fuse comm="systemd" exe="/usr/lib/systemd/systemd" hostname=? addr=? terminal=? res=success'
Feb 19 12:36:32 arch audit[1]: SERVICE_START pid=1 uid=0 auid=4294967295 ses=4294967295 msg='unit=systemd-modules-load comm="systemd" exe="/usr/lib/systemd/systemd" hostname=? addr=? terminal=? res=success'
Feb 19 12:36:32 arch audit[1]: SERVICE_START pid=1 uid=0 auid=4294967295 ses=4294967295 msg='unit=systemd-sysctl comm="systemd" exe="/usr/lib/systemd/systemd" hostname=? addr=? terminal=? res=success'
Feb 19 12:36:32 arch audit[1]: SERVICE_START pid=1 uid=0 auid=4294967295 ses=4294967295 msg='unit=systemd-remount-fs comm="systemd" exe="/usr/lib/systemd/systemd" hostname=? addr=? terminal=? res=success'
Feb 19 12:36:32 arch systemd-modules-load[386]: Inserted module 'crypto_user'
Feb 19 12:36:32 arch systemd-modules-load[386]: Inserted module 'pkcs8_key_parser'
Feb 19 12:36:32 arch audit[1]: SERVICE_START pid=1 uid=0 auid=4294967295 ses=4294967295 msg='unit=systemd-journald comm="systemd" exe="/usr/lib/systemd/systemd" hostname=? addr=? terminal=? res=success'
Feb 19 12:36:32 arch systemd[1]: Started Journal Service.
Feb 19 12:36:32 arch kernel: audit: type=1130 audit(1645292192.061:7): pid=1 uid=0 auid=4294967295 ses=4294967295 msg='unit=systemd-journald comm="systemd" exe="/usr/lib/systemd/systemd" hostname=? addr=? terminal=? res=success'
Feb 19 12:36:32 arch systemd[1]: Starting Flush Journal to Persistent Storage...
Feb 19 12:36:32 arch systemd-journald[385]: Time spent on flushing to /var/log/journal/a88da18ad391406c9b43ed784ab38f30 is 5.823ms for 1025 entries.
Feb 19 12:36:32 arch systemd-journald[385]: System Journal (/var/log/journal/a88da18ad391406c9b43ed784ab38f30) is 400.5M, max 4.0G, 3.6G free.
Feb 19 12:36:32 arch systemd-journald[385]: Received client request to flush runtime journal.
Feb 19 12:36:32 arch kernel: audit: type=1130 audit(1645292192.067:8): pid=1 uid=0 auid=4294967295 ses=4294967295 msg='unit=systemd-random-seed comm="systemd" exe="/usr/lib/systemd/systemd" hostname=? addr=? terminal=? res=success'
Feb 19 12:36:32 arch systemd-journald[385]: File /var/log/journal/a88da18ad391406c9b43ed784ab38f30/system.journal corrupted or uncleanly shut down, renaming and replacing.
Feb 19 12:36:32 arch kernel: audit: type=1130 audit(1645292192.081:9): pid=1 uid=0 auid=4294967295 ses=4294967295 msg='unit=systemd-udev-trigger comm="systemd" exe="/usr/lib/systemd/systemd" hostname=? addr=? terminal=? res=success'
Feb 19 12:36:32 arch kernel: device-mapper: uevent: version 1.0.3
Feb 19 12:36:32 arch kernel: device-mapper: ioctl: 4.45.0-ioctl (2021-03-22) initialised: dm-devel@redhat.com
Feb 19 12:36:32 arch kernel: audit: type=1130 audit(1645292192.107:10): pid=1 uid=0 auid=4294967295 ses=4294967295 msg='unit=systemd-sysusers comm="systemd" exe="/usr/lib/systemd/systemd" hostname=? addr=? terminal=? res=success'
Feb 19 12:36:32 arch kernel: audit: type=1130 audit(1645292192.117:11): pid=1 uid=0 auid=4294967295 ses=4294967295 msg='unit=systemd-tmpfiles-setup-dev comm="systemd" exe="/usr/lib/systemd/systemd" hostname=? addr=? terminal=? res=success'
Feb 19 12:36:32 arch audit[1]: SERVICE_START pid=1 uid=0 auid=4294967295 ses=4294967295 msg='unit=systemd-random-seed comm="systemd" exe="/usr/lib/systemd/systemd" hostname=? addr=? terminal=? res=success'
Feb 19 12:36:32 arch audit[1]: SERVICE_START pid=1 uid=0 auid=4294967295 ses=4294967295 msg='unit=systemd-udev-trigger comm="systemd" exe="/usr/lib/systemd/systemd" hostname=? addr=? terminal=? res=success'
Feb 19 12:36:32 arch audit[1]: SERVICE_START pid=1 uid=0 auid=4294967295 ses=4294967295 msg='unit=systemd-sysusers comm="systemd" exe="/usr/lib/systemd/systemd" hostname=? addr=? terminal=? res=success'
Feb 19 12:36:32 arch audit[1]: SERVICE_START pid=1 uid=0 auid=4294967295 ses=4294967295 msg='unit=systemd-tmpfiles-setup-dev comm="systemd" exe="/usr/lib/systemd/systemd" hostname=? addr=? terminal=? res=success'
Feb 19 12:36:32 arch audit: BPF prog-id=13 op=LOAD
Feb 19 12:36:32 arch audit: BPF prog-id=14 op=LOAD
Feb 19 12:36:32 arch audit: BPF prog-id=15 op=LOAD
Feb 19 12:36:32 arch audit[1]: SERVICE_START pid=1 uid=0 auid=4294967295 ses=4294967295 msg='unit=lvm2-monitor comm="systemd" exe="/usr/lib/systemd/systemd" hostname=? addr=? terminal=? res=success'
Feb 19 12:36:32 arch systemd[1]: Finished Load/Save Random Seed.
Feb 19 12:36:32 arch systemd[1]: First Boot Complete was skipped because of a failed condition check (ConditionFirstBoot=yes).
Feb 19 12:36:32 arch systemd[1]: Finished Coldplug All udev Devices.
Feb 19 12:36:32 arch systemd[1]: Finished Create System Users.
Feb 19 12:36:32 arch systemd[1]: Starting Create Static Device Nodes in /dev...
Feb 19 12:36:32 arch systemd[1]: Finished Create Static Device Nodes in /dev.
Feb 19 12:36:32 arch systemd[1]: Starting Rule-based Manager for Device Events and Files...
Feb 19 12:36:32 arch systemd[1]: Finished Monitoring of LVM2 mirrors, snapshots etc. using dmeventd or progress polling.
Feb 19 12:36:32 arch systemd[1]: Reached target Preparation for Local File Systems.
Feb 19 12:36:32 arch systemd[1]: Virtual Machine and Container Storage (Compatibility) was skipped because of a failed condition check (ConditionPathExists=/var/lib/machines.raw).
Feb 19 12:36:32 arch systemd-udevd[404]: Configuration file /usr/lib/udev/rules.d/77-mm-fibocom-port-types.rules is marked executable. Please remove executable permission bits. Proceeding anyway.
Feb 19 12:36:32 arch systemd[1]: Finished Flush Journal to Persistent Storage.
Feb 19 12:36:32 arch audit[1]: SERVICE_START pid=1 uid=0 auid=4294967295 ses=4294967295 msg='unit=systemd-journal-flush comm="systemd" exe="/usr/lib/systemd/systemd" hostname=? addr=? terminal=? res=success'
Feb 19 12:36:32 arch systemd[1]: Started Rule-based Manager for Device Events and Files.
Feb 19 12:36:32 arch audit[1]: SERVICE_START pid=1 uid=0 auid=4294967295 ses=4294967295 msg='unit=systemd-udevd comm="systemd" exe="/usr/lib/systemd/systemd" hostname=? addr=? terminal=? res=success'
Feb 19 12:36:32 arch audit: BPF prog-id=16 op=LOAD
Feb 19 12:36:32 arch systemd[1]: Starting Network Configuration...
Feb 19 12:36:32 arch kernel: acpi_cpufreq: overriding BIOS provided _PSD data
Feb 19 12:36:32 arch mtp-probe[459]: checking bus 1, device 6: "/sys/devices/pci0000:00/0000:00:01.2/0000:01:00.0/usb1/1-10"
Feb 19 12:36:32 arch mtp-probe[457]: checking bus 1, device 2: "/sys/devices/pci0000:00/0000:00:01.2/0000:01:00.0/usb1/1-3"
Feb 19 12:36:32 arch mtp-probe[459]: bus: 1, device: 6 was not an MTP device
Feb 19 12:36:32 arch mtp-probe[460]: checking bus 1, device 4: "/sys/devices/pci0000:00/0000:00:01.2/0000:01:00.0/usb1/1-8"
Feb 19 12:36:32 arch mtp-probe[460]: bus: 1, device: 4 was not an MTP device
Feb 19 12:36:32 arch mtp-probe[457]: bus: 1, device: 2 was not an MTP device
Feb 19 12:36:32 arch mtp-probe[467]: checking bus 1, device 5: "/sys/devices/pci0000:00/0000:00:01.2/0000:01:00.0/usb1/1-7/1-7.4"
Feb 19 12:36:32 arch kernel: piix4_smbus 0000:00:14.0: SMBus Host Controller at 0xb00, revision 0
Feb 19 12:36:32 arch kernel: piix4_smbus 0000:00:14.0: Using register 0x02 for SMBus port selection
Feb 19 12:36:32 arch kernel: piix4_smbus 0000:00:14.0: Auxiliary SMBus Host Controller at 0xb20
Feb 19 12:36:32 arch mtp-probe[468]: checking bus 3, device 3: "/sys/devices/pci0000:00/0000:00:08.1/0000:08:00.3/usb3/3-3"
Feb 19 12:36:32 arch mtp-probe[467]: bus: 1, device: 5 was not an MTP device
Feb 19 12:36:32 arch mtp-probe[468]: bus: 3, device: 3 was not an MTP device
Feb 19 12:36:32 arch kernel: ccp 0000:08:00.1: enabling device (0000 -> 0002)
Feb 19 12:36:32 arch kernel: ccp 0000:08:00.1: ccp: unable to access the device: you might be running a broken BIOS.
Feb 19 12:36:32 arch kernel: input: Ducky Ducky One2 SF RGB as /devices/pci0000:00/0000:00:08.1/0000:08:00.3/usb3/3-1/3-1:1.0/0003:0416:0123.0001/input/input2
Feb 19 12:36:32 arch kernel: sp5100_tco: SP5100/SB800 TCO WatchDog Timer Driver
Feb 19 12:36:32 arch kernel: sp5100-tco sp5100-tco: Using 0xfeb00000 for watchdog MMIO address
Feb 19 12:36:32 arch kernel: sp5100-tco sp5100-tco: initialized. heartbeat=60 sec (nowayout=0)
Feb 19 12:36:32 arch kernel: input: PC Speaker as /devices/platform/pcspkr/input/input3
Feb 19 12:36:32 arch kernel: RAPL PMU: API unit is 2^-32 Joules, 1 fixed counters, 163840 ms ovfl timer
Feb 19 12:36:32 arch kernel: RAPL PMU: hw unit of domain package 2^-16 Joules
Feb 19 12:36:32 arch kernel: cfg80211: Loading compiled-in X.509 certificates for regulatory database
Feb 19 12:36:32 arch kernel: cfg80211: Loaded X.509 cert 'sforshee: 00b28ddf47aef9cea7'
Feb 19 12:36:32 arch kernel: input: Microsoft X-Box 360 pad as /devices/pci0000:00/0000:00:01.2/0000:01:00.0/usb1/1-7/1-7.4/1-7.4:1.0/input/input4
Feb 19 12:36:32 arch kernel: mc: Linux media interface: v0.10
Feb 19 12:36:32 arch kernel: platform regulatory.0: Direct firmware load for regulatory.db failed with error -2
Feb 19 12:36:32 arch kernel: cfg80211: failed to load regulatory.db
Feb 19 12:36:32 arch kernel: cryptd: max_cpu_qlen set to 1000
Feb 19 12:36:32 arch kernel: hid-generic 0003:0416:0123.0001: input,hidraw0: USB HID v1.10 Keyboard [Ducky Ducky One2 SF RGB] on usb-0000:08:00.3-1/input0
Feb 19 12:36:32 arch kernel: usbcore: registered new interface driver xpad
Feb 19 12:36:32 arch kernel: AVX2 version of gcm_enc/dec engaged.
Feb 19 12:36:32 arch kernel: AES CTR mode by8 optimization enabled
Feb 19 12:36:32 arch kernel: r8169 0000:03:00.0 eth0: RTL8125B, a8:a1:59:36:c2:1a, XID 641, IRQ 53
Feb 19 12:36:32 arch kernel: r8169 0000:03:00.0 eth0: jumbo features [frames: 9194 bytes, tx checksumming: ko]
Feb 19 12:36:32 arch kernel: input: Ducky Ducky One2 SF RGB as /devices/pci0000:00/0000:00:08.1/0000:08:00.3/usb3/3-1/3-1:1.1/0003:0416:0123.0002/input/input5
Feb 19 12:36:32 arch kernel: hid-generic 0003:0416:0123.0002: input,hidraw1: USB HID v1.10 Mouse [Ducky Ducky One2 SF RGB] on usb-0000:08:00.3-1/input1
Feb 19 12:36:32 arch systemd-networkd[413]: lo: Link UP
Feb 19 12:36:32 arch systemd-networkd[413]: lo: Gained carrier
Feb 19 12:36:32 arch systemd-networkd[413]: Enumeration completed
Feb 19 12:36:32 arch systemd[1]: Started Network Configuration.
Feb 19 12:36:32 arch audit[1]: SERVICE_START pid=1 uid=0 auid=4294967295 ses=4294967295 msg='unit=systemd-networkd comm="systemd" exe="/usr/lib/systemd/systemd" hostname=? addr=? terminal=? res=success'
Feb 19 12:36:32 arch kernel: input: Ducky Ducky One2 SF RGB as /devices/pci0000:00/0000:00:08.1/0000:08:00.3/usb3/3-1/3-1:1.2/0003:0416:0123.0003/input/input6
Feb 19 12:36:32 arch kernel: snd_hda_intel 0000:06:00.1: enabling device (0000 -> 0002)
Feb 19 12:36:32 arch kernel: snd_hda_intel 0000:06:00.1: Handle vga_switcheroo audio client
Feb 19 12:36:32 arch kernel: snd_hda_intel 0000:06:00.1: Force to non-snoop mode
Feb 19 12:36:32 arch kernel: snd_hda_intel 0000:08:00.4: enabling device (0000 -> 0002)
Feb 19 12:36:32 arch kernel: hid-generic 0003:0416:0123.0003: input,hidraw2: USB HID v1.10 Keyboard [Ducky Ducky One2 SF RGB] on usb-0000:08:00.3-1/input2
Feb 19 12:36:32 arch kernel: input: Ducky Ducky One2 SF RGB as /devices/pci0000:00/0000:00:08.1/0000:08:00.3/usb3/3-1/3-1:1.3/0003:0416:0123.0004/input/input7
Feb 19 12:36:32 arch systemd[1]: Found device SanDisk_X400_M.2_2280_128GB EFI\x20system\x20partition.
Feb 19 12:36:32 arch systemd[1]: Starting File System Check on /dev/disk/by-uuid/A221-2F8D...
Feb 19 12:36:32 arch systemd[1]: Found device /dev/zram0.
Feb 19 12:36:32 arch systemd[1]: Created slice Slice /system/udisks2-zram-setup.
Feb 19 12:36:32 arch systemd[1]: First Boot Wizard was skipped because of a failed condition check (ConditionFirstBoot=yes).
Feb 19 12:36:32 arch systemd[1]: First Boot Complete was skipped because of a failed condition check (ConditionFirstBoot=yes).
Feb 19 12:36:32 arch systemd[1]: Rebuild Hardware Database was skipped because all trigger condition checks failed.
Feb 19 12:36:32 arch systemd[1]: Repartition Root Disk was skipped because all trigger condition checks failed.
Feb 19 12:36:32 arch systemd[1]: Starting Create swap on /dev/zram0...
Feb 19 12:36:32 arch mtp-probe[513]: checking bus 3, device 2: "/sys/devices/pci0000:00/0000:00:08.1/0000:08:00.3/usb3/3-1"
Feb 19 12:36:32 arch mtp-probe[513]: bus: 3, device: 2 was not an MTP device
Feb 19 12:36:32 arch systemd[1]: Listening on Load/Save RF Kill Switch Status /dev/rfkill Watch.
Feb 19 12:36:32 arch kernel: hid-generic 0003:0416:0123.0004: input,hidraw3: USB HID v1.10 Device [Ducky Ducky One2 SF RGB] on usb-0000:08:00.3-1/input3
Feb 19 12:36:32 arch kernel: input: Logitech USB Receiver as /devices/pci0000:00/0000:00:01.2/0000:01:00.0/usb1/1-3/1-3:1.0/0003:046D:C547.0005/input/input8
Feb 19 12:36:32 arch kernel: hid-generic 0003:046D:C547.0005: input,hidraw4: USB HID v1.11 Mouse [Logitech USB Receiver] on usb-0000:01:00.0-3/input0
Feb 19 12:36:32 arch kernel: BTRFS: device fsid 5ce1e438-ba97-4376-9ce5-774f233b6923 devid 1 transid 854 /dev/dm-0 scanned by systemd-udevd (429)
Feb 19 12:36:32 arch kernel: input: Logitech USB Receiver Keyboard as /devices/pci0000:00/0000:00:01.2/0000:01:00.0/usb1/1-3/1-3:1.1/0003:046D:C547.0006/input/input9
Feb 19 12:36:32 arch systemd-fsck[507]: fsck.fat 4.2 (2021-01-31)
Feb 19 12:36:32 arch systemd-fsck[507]: There are differences between boot sector and its backup.
Feb 19 12:36:32 arch systemd-fsck[507]: This is mostly harmless. Differences: (offset:original/backup)
Feb 19 12:36:32 arch systemd-fsck[507]:   65:01/00
Feb 19 12:36:32 arch systemd-fsck[507]:   Not automatically fixing this.
Feb 19 12:36:32 arch systemd-fsck[507]: Dirty bit is set. Fs was not properly unmounted and some data may be corrupt.
